Archive member included because of file (symbol)

C:/Users/Emanuele/Documents/sloeber-workspace/Blink_1/Release/arduino.ar(cortex_handlers.c.o)
                              (Reset_Handler)
C:/Users/Emanuele/Documents/sloeber-workspace/Blink_1/Release/arduino.ar(delay.c.o)
                              .\sloeber.ino.cpp.o (delay)
C:/Users/Emanuele/Documents/sloeber-workspace/Blink_1/Release/arduino.ar(hooks.c.o)
                              C:/Users/Emanuele/Documents/sloeber-workspace/Blink_1/Release/arduino.ar(delay.c.o) (yield)
C:/Users/Emanuele/Documents/sloeber-workspace/Blink_1/Release/arduino.ar(main.cpp.o)
                              c:/program files/sloeber/arduinoplugin/packages/arduino/tools/arm-none-eabi-gcc/4.8.3-2014q1/bin/../lib/gcc/arm-none-eabi/4.8.3/../../../../arm-none-eabi/lib/armv6-m/crt0.o (main)
C:/Users/Emanuele/Documents/sloeber-workspace/Blink_1/Release/arduino.ar(startup.c.o)
                              C:/Users/Emanuele/Documents/sloeber-workspace/Blink_1/Release/arduino.ar(cortex_handlers.c.o) (SystemInit)
C:/Users/Emanuele/Documents/sloeber-workspace/Blink_1/Release/arduino.ar(wiring.c.o)
                              C:/Users/Emanuele/Documents/sloeber-workspace/Blink_1/Release/arduino.ar(main.cpp.o) (init)
C:/Users/Emanuele/Documents/sloeber-workspace/Blink_1/Release/arduino.ar(wiring_analog.c.o)
                              C:/Users/Emanuele/Documents/sloeber-workspace/Blink_1/Release/arduino.ar(wiring.c.o) (analogReference)
C:/Users/Emanuele/Documents/sloeber-workspace/Blink_1/Release/arduino.ar(wiring_digital.c.o)
                              .\sloeber.ino.cpp.o (pinMode)
C:/Users/Emanuele/Documents/sloeber-workspace/Blink_1/Release/arduino.ar(wiring_private.c.o)
                              C:/Users/Emanuele/Documents/sloeber-workspace/Blink_1/Release/arduino.ar(wiring_analog.c.o) (pinPeripheral)
C:/Users/Emanuele/Documents/sloeber-workspace/Blink_1/Release/arduino.ar(variant.cpp.o)
                              C:/Users/Emanuele/Documents/sloeber-workspace/Blink_1/Release/arduino.ar(wiring_analog.c.o) (g_apTCInstances)
C:/Users/Emanuele/Documents/sloeber-workspace/Blink_1/Release/arduino.ar(USBCore.cpp.o)
                              C:/Users/Emanuele/Documents/sloeber-workspace/Blink_1/Release/arduino.ar(main.cpp.o) (USBDeviceClass::init())
C:/Users/Emanuele/Documents/sloeber-workspace/Blink_1/Release/arduino.ar(Reset.cpp.o)
                              C:/Users/Emanuele/Documents/sloeber-workspace/Blink_1/Release/arduino.ar(delay.c.o) (tickReset)
C:/Users/Emanuele/Documents/sloeber-workspace/Blink_1/Release/arduino.ar(SERCOM.cpp.o)
                              C:/Users/Emanuele/Documents/sloeber-workspace/Blink_1/Release/arduino.ar(variant.cpp.o) (SERCOM::SERCOM(Sercom*))
C:/Users/Emanuele/Documents/sloeber-workspace/Blink_1/Release/arduino.ar(Uart.cpp.o)
                              C:/Users/Emanuele/Documents/sloeber-workspace/Blink_1/Release/arduino.ar(variant.cpp.o) (Uart::Uart(SERCOM*, unsigned char, unsigned char, SercomRXPad, SercomUartTXPad))
C:/Users/Emanuele/Documents/sloeber-workspace/Blink_1/Release/arduino.ar(abi.cpp.o)
                              C:/Users/Emanuele/Documents/sloeber-workspace/Blink_1/Release/arduino.ar(USBCore.cpp.o) (__cxa_pure_virtual)
C:/Users/Emanuele/Documents/sloeber-workspace/Blink_1/Release/arduino.ar(new.cpp.o)
                              C:/Users/Emanuele/Documents/sloeber-workspace/Blink_1/Release/arduino.ar(USBCore.cpp.o) (operator new(unsigned int))
C:/Users/Emanuele/Documents/sloeber-workspace/Blink_1/Release/arduino.ar(CDC.cpp.o)
                              C:/Users/Emanuele/Documents/sloeber-workspace/Blink_1/Release/arduino.ar(USBCore.cpp.o) (CDC_GetInterface(unsigned char*))
C:/Users/Emanuele/Documents/sloeber-workspace/Blink_1/Release/arduino.ar(PluggableUSB.cpp.o)
                              C:/Users/Emanuele/Documents/sloeber-workspace/Blink_1/Release/arduino.ar(USBCore.cpp.o) (PluggableUSB_::getInterface(unsigned char*))
C:/Users/Emanuele/Documents/sloeber-workspace/Blink_1/Release/arduino.ar(Print.cpp.o)
                              C:/Users/Emanuele/Documents/sloeber-workspace/Blink_1/Release/arduino.ar(Uart.cpp.o) (Print::write(unsigned char const*, unsigned int))
C:/Users/Emanuele/Documents/sloeber-workspace/Blink_1/Release/arduino.ar(RingBuffer.cpp.o)
                              C:/Users/Emanuele/Documents/sloeber-workspace/Blink_1/Release/arduino.ar(Uart.cpp.o) (RingBuffer::RingBuffer())
c:/program files/sloeber/arduinoplugin/packages/arduino/tools/arm-none-eabi-gcc/4.8.3-2014q1/bin/../lib/gcc/arm-none-eabi/4.8.3/../../../../arm-none-eabi/lib/armv6-m\libm.a(lib_a-s_fpclassify.o)
                              C:/Users/Emanuele/Documents/sloeber-workspace/Blink_1/Release/arduino.ar(Print.cpp.o) (__fpclassifyd)
[...]
Memory Configuration

Name             Origin             Length             Attributes
FLASH            0x00002000         0x0003e000         xr
RAM              0x20000000         0x00008000         xrw
*default*        0x00000000         0xffffffff

Linker script and memory map

LOAD c:/program files/sloeber/arduinoplugin/packages/arduino/tools/arm-none-eabi-gcc/4.8.3-2014q1/bin/../lib/gcc/arm-none-eabi/4.8.3/armv6-m/crti.o
LOAD c:/program files/sloeber/arduinoplugin/packages/arduino/tools/arm-none-eabi-gcc/4.8.3-2014q1/bin/../lib/gcc/arm-none-eabi/4.8.3/armv6-m/crtbegin.o
LOAD c:/program files/sloeber/arduinoplugin/packages/arduino/tools/arm-none-eabi-gcc/4.8.3-2014q1/bin/../lib/gcc/arm-none-eabi/4.8.3/../../../../arm-none-eabi/lib/armv6-m/crt0.o
LOAD .\sloeber.ino.cpp.o
START GROUP
LOAD C:\Program Files\sloeber\/arduinoPlugin/packages/arduino/tools/CMSIS/4.5.0/CMSIS/Lib/GCC/\libarm_cortexM0l_math.a
LOAD c:/program files/sloeber/arduinoplugin/packages/arduino/tools/arm-none-eabi-gcc/4.8.3-2014q1/bin/../lib/gcc/arm-none-eabi/4.8.3/../../../../arm-none-eabi/lib/armv6-m\libm.a
LOAD C:/Users/Emanuele/Documents/sloeber-workspace/Blink_1/Release/arduino.ar
END GROUP
START GROUP
LOAD c:/program files/sloeber/arduinoplugin/packages/arduino/tools/arm-none-eabi-gcc/4.8.3-2014q1/bin/../lib/gcc/arm-none-eabi/4.8.3/armv6-m\libgcc.a
LOAD c:/program files/sloeber/arduinoplugin/packages/arduino/tools/arm-none-eabi-gcc/4.8.3-2014q1/bin/../lib/gcc/arm-none-eabi/4.8.3/../../../../arm-none-eabi/lib/armv6-m\libc_s.a
END GROUP
START GROUP
LOAD c:/program files/sloeber/arduinoplugin/packages/arduino/tools/arm-none-eabi-gcc/4.8.3-2014q1/bin/../lib/gcc/arm-none-eabi/4.8.3/armv6-m\libgcc.a
LOAD c:/program files/sloeber/arduinoplugin/packages/arduino/tools/arm-none-eabi-gcc/4.8.3-2014q1/bin/../lib/gcc/arm-none-eabi/4.8.3/../../../../arm-none-eabi/lib/armv6-m\libc_s.a
LOAD c:/program files/sloeber/arduinoplugin/packages/arduino/tools/arm-none-eabi-gcc/4.8.3-2014q1/bin/../lib/gcc/arm-none-eabi/4.8.3/../../../../arm-none-eabi/lib/armv6-m\libnosys.a
END GROUP
START GROUP
LOAD c:/program files/sloeber/arduinoplugin/packages/arduino/tools/arm-none-eabi-gcc/4.8.3-2014q1/bin/../lib/gcc/arm-none-eabi/4.8.3/armv6-m\libgcc.a
LOAD c:/program files/sloeber/arduinoplugin/packages/arduino/tools/arm-none-eabi-gcc/4.8.3-2014q1/bin/../lib/gcc/arm-none-eabi/4.8.3/../../../../arm-none-eabi/lib/armv6-m\libc_s.a
LOAD c:/program files/sloeber/arduinoplugin/packages/arduino/tools/arm-none-eabi-gcc/4.8.3-2014q1/bin/../lib/gcc/arm-none-eabi/4.8.3/../../../../arm-none-eabi/lib/armv6-m\libnosys.a
END GROUP
LOAD c:/program files/sloeber/arduinoplugin/packages/arduino/tools/arm-none-eabi-gcc/4.8.3-2014q1/bin/../lib/gcc/arm-none-eabi/4.8.3/armv6-m/crtend.o
LOAD c:/program files/sloeber/arduinoplugin/packages/arduino/tools/arm-none-eabi-gcc/4.8.3-2014q1/bin/../lib/gcc/arm-none-eabi/4.8.3/armv6-m/crtn.o

.text           0x00002000     0x2598
                0x00002000                __text_start__ = .
 *(.sketch_boot)
                0x00002000                . = ALIGN (0x2000)
 *(.isr_vector)
 .isr_vector    0x00002000       0xb4 C:/Users/Emanuele/Documents/sloeber-workspace/Blink_1/Release/arduino.ar(cortex_handlers.c.o)
                0x00002000                exception_table
 *(.text*)
 .text          0x000020b4       0x60 c:/program files/sloeber/arduinoplugin/packages/arduino/tools/arm-none-eabi-gcc/4.8.3-2014q1/bin/../lib/gcc/arm-none-eabi/4.8.3/armv6-m/crtbegin.o
 .text.setup    0x00002114       0x54 .\sloeber.ino.cpp.o
                0x00002114                setup
 .text.loop     0x00002168       0x32 .\sloeber.ino.cpp.o
                0x00002168                loop
 .text.Dummy_Handler
                0x0000219a        0x2 C:/Users/Emanuele/Documents/sloeber-workspace/Blink_1/Release/arduino.ar(cortex_handlers.c.o)
                0x0000219a                DMAC_Handler
                0x0000219a                HardFault_Handler
                0x0000219a                AC_Handler
                0x0000219a                PendSV_Handler
                0x0000219a                NMI_Handler
                0x0000219a                TC7_Handler
                0x0000219a                SERCOM1_Handler
                0x0000219a                ADC_Handler
                0x0000219a                TCC1_Handler
                0x0000219a                SERCOM2_Handler
                0x0000219a                TCC0_Handler
                0x0000219a                RTC_Handler
                0x0000219a                EIC_Handler
                0x0000219a                TC6_Handler
                0x0000219a                WDT_Handler
                0x0000219a                TC4_Handler
                0x0000219a                TC3_Handler
                0x0000219a                Dummy_Handler
                0x0000219a                PM_Handler
                0x0000219a                SVC_Handler
                0x0000219a                TCC2_Handler
                0x0000219a                EVSYS_Handler
                0x0000219a                SERCOM3_Handler
                0x0000219a                SERCOM4_Handler
                0x0000219a                I2S_Handler
                0x0000219a                NVMCTRL_Handler
                0x0000219a                DAC_Handler
                0x0000219a                PTC_Handler
                0x0000219a                SYSCTRL_Handler
 .text.USB_Handler
                0x0000219c       0x14 C:/Users/Emanuele/Documents/sloeber-workspace/Blink_1/Release/arduino.ar(cortex_handlers.c.o)
                0x0000219c                USB_Handler
 .text.Reset_Handler
                0x000021b0       0x54 C:/Users/Emanuele/Documents/sloeber-workspace/Blink_1/Release/arduino.ar(cortex_handlers.c.o)
                0x000021b0                Reset_Handler
 .text.SysTick_Handler
                0x00002204       0x10 C:/Users/Emanuele/Documents/sloeber-workspace/Blink_1/Release/arduino.ar(cortex_handlers.c.o)
                0x00002204                SysTick_Handler
 .text.USB_SetHandler
                0x00002214        0xc C:/Users/Emanuele/Documents/sloeber-workspace/Blink_1/Release/arduino.ar(cortex_handlers.c.o)
                0x00002214                USB_SetHandler
 .text.delay    0x00002220       0x20 C:/Users/Emanuele/Documents/sloeber-workspace/Blink_1/Release/arduino.ar(delay.c.o)
                0x00002220                delay
 .text.SysTick_DefaultHandler
                0x00002240       0x14 C:/Users/Emanuele/Documents/sloeber-workspace/Blink_1/Release/arduino.ar(delay.c.o)
                0x00002240                SysTick_DefaultHandler
 .text.__empty  0x00002254        0x2 C:/Users/Emanuele/Documents/sloeber-workspace/Blink_1/Release/arduino.ar(hooks.c.o)
                0x00002254                yield
 .text.__false  0x00002256        0x4 C:/Users/Emanuele/Documents/sloeber-workspace/Blink_1/Release/arduino.ar(hooks.c.o)
                0x00002256                sysTickHook
 .text._Z11initVariantv
                0x0000225a        0x2 C:/Users/Emanuele/Documents/sloeber-workspace/Blink_1/Release/arduino.ar(main.cpp.o)
                0x0000225a                initVariant()
 .text.startup.main
                0x0000225c       0x40 C:/Users/Emanuele/Documents/sloeber-workspace/Blink_1/Release/arduino.ar(main.cpp.o)
                0x0000225c                main
 .text.SystemInit
                0x0000229c      0x168 C:/Users/Emanuele/Documents/sloeber-workspace/Blink_1/Release/arduino.ar(startup.c.o)
                0x0000229c                SystemInit
 .text.init     0x00002404       0xf0 C:/Users/Emanuele/Documents/sloeber-workspace/Blink_1/Release/arduino.ar(wiring.c.o)
                0x00002404                init
 .text.analogReference
                0x000024f4       0x5c C:/Users/Emanuele/Documents/sloeber-workspace/Blink_1/Release/arduino.ar(wiring_analog.c.o)
                0x000024f4                analogReference
 .text.pinMode  0x00002550       0xb4 C:/Users/Emanuele/Documents/sloeber-workspace/Blink_1/Release/arduino.ar(wiring_digital.c.o)
                0x00002550                pinMode
 .text.digitalWrite
                0x00002604       0x60 C:/Users/Emanuele/Documents/sloeber-workspace/Blink_1/Release/arduino.ar(wiring_digital.c.o)
                0x00002604                digitalWrite
 .text.pinPeripheral
                0x00002664       0xc4 C:/Users/Emanuele/Documents/sloeber-workspace/Blink_1/Release/arduino.ar(wiring_private.c.o)
                0x00002664                pinPeripheral
 .text.SERCOM0_Handler
                0x00002728       0x10 C:/Users/Emanuele/Documents/sloeber-workspace/Blink_1/Release/arduino.ar(variant.cpp.o)
                0x00002728                SERCOM0_Handler
 .text.SERCOM5_Handler
                0x00002738       0x10 C:/Users/Emanuele/Documents/sloeber-workspace/Blink_1/Release/arduino.ar(variant.cpp.o)
                0x00002738                SERCOM5_Handler
 .text.startup._GLOBAL__sub_I_g_APinDescription
                0x00002748       0x94 C:/Users/Emanuele/Documents/sloeber-workspace/Blink_1/Release/arduino.ar(variant.cpp.o)
 .text._ZN14USBDeviceClass6initEPEmm.part.4
                0x000027dc       0x80 C:/Users/Emanuele/Documents/sloeber-workspace/Blink_1/Release/arduino.ar(USBCore.cpp.o)
 .text._ZN20USBDevice_SAMD21G18x5resetEv
                0x0000285c       0x28 C:/Users/Emanuele/Documents/sloeber-workspace/Blink_1/Release/arduino.ar(USBCore.cpp.o)
                0x0000285c                USBDevice_SAMD21G18x::reset()
 .text._ZN20USBDevice_SAMD21G18x9calibrateEv
                0x00002884       0x5c C:/Users/Emanuele/Documents/sloeber-workspace/Blink_1/Release/arduino.ar(USBCore.cpp.o)
                0x00002884                USBDevice_SAMD21G18x::calibrate()
 .text._ZN7__GuardC2Ev
                0x000028e0        0xe C:/Users/Emanuele/Documents/sloeber-workspace/Blink_1/Release/arduino.ar(USBCore.cpp.o)
                0x000028e0                __Guard::__Guard()
                0x000028e0                __Guard::__Guard()
 .text._ZN7__GuardD2Ev
                0x000028ee        0xe C:/Users/Emanuele/Documents/sloeber-workspace/Blink_1/Release/arduino.ar(USBCore.cpp.o)
                0x000028ee                __Guard::~__Guard()
                0x000028ee                __Guard::~__Guard()
 .text._ZNK26DoubleBufferedEPOutHandler9availableEv
                0x000028fc       0x5e C:/Users/Emanuele/Documents/sloeber-workspace/Blink_1/Release/arduino.ar(USBCore.cpp.o)
                0x000028fc                DoubleBufferedEPOutHandler::available() const
 *fill*         0x0000295a        0x2 
 .text._ZN26DoubleBufferedEPOutHandler7releaseEv
                0x0000295c       0x58 C:/Users/Emanuele/Documents/sloeber-workspace/Blink_1/Release/arduino.ar(USBCore.cpp.o)
                0x0000295c                DoubleBufferedEPOutHandler::release()
 .text._ZN26DoubleBufferedEPOutHandler4recvEPvm
                0x000029b4      0x11c C:/Users/Emanuele/Documents/sloeber-workspace/Blink_1/Release/arduino.ar(USBCore.cpp.o)
                0x000029b4                DoubleBufferedEPOutHandler::recv(void*, unsigned long)
 .text._ZN26DoubleBufferedEPOutHandler14handleEndpointEv
                0x00002ad0       0xc4 C:/Users/Emanuele/Documents/sloeber-workspace/Blink_1/Release/arduino.ar(USBCore.cpp.o)
                0x00002ad0                DoubleBufferedEPOutHandler::handleEndpoint()
 .text._ZN14USBDeviceClass14SendInterfacesEPm
                0x00002b94       0x2c C:/Users/Emanuele/Documents/sloeber-workspace/Blink_1/Release/arduino.ar(USBCore.cpp.o)
                0x00002b94                USBDeviceClass::SendInterfaces(unsigned long*)
 .text._ZN14USBDeviceClass14handleEndpointEh
                0x00002bc0       0x40 C:/Users/Emanuele/Documents/sloeber-workspace/Blink_1/Release/arduino.ar(USBCore.cpp.o)
                0x00002bc0                USBDeviceClass::handleEndpoint(unsigned char)
 .text._ZN14USBDeviceClass4initEv
                0x00002c00       0xf0 C:/Users/Emanuele/Documents/sloeber-workspace/Blink_1/Release/arduino.ar(USBCore.cpp.o)
                0x00002c00                USBDeviceClass::init()
 .text._ZN14USBDeviceClass6attachEv
                0x00002cf0       0x34 C:/Users/Emanuele/Documents/sloeber-workspace/Blink_1/Release/arduino.ar(USBCore.cpp.o)
                0x00002cf0                USBDeviceClass::attach()
 .text._ZN14USBDeviceClass10setAddressEm
                0x00002d24       0x48 C:/Users/Emanuele/Documents/sloeber-workspace/Blink_1/Release/arduino.ar(USBCore.cpp.o)
                0x00002d24                USBDeviceClass::setAddress(unsigned long)
 .text._ZN14USBDeviceClass25handleClassInterfaceSetupER8USBSetup
                0x00002d6c       0x40 C:/Users/Emanuele/Documents/sloeber-workspace/Blink_1/Release/arduino.ar(USBCore.cpp.o)
                0x00002d6c                USBDeviceClass::handleClassInterfaceSetup(USBSetup&)
 .text._ZN14USBDeviceClass6initEPEmm
                0x00002dac      0x128 C:/Users/Emanuele/Documents/sloeber-workspace/Blink_1/Release/arduino.ar(USBCore.cpp.o)
                0x00002dac                USBDeviceClass::initEP(unsigned long, unsigned long)
 .text._ZN14USBDeviceClass13initEndpointsEv
                0x00002ed4       0x24 C:/Users/Emanuele/Documents/sloeber-workspace/Blink_1/Release/arduino.ar(USBCore.cpp.o)
                0x00002ed4                USBDeviceClass::initEndpoints()
 .text._ZN14USBDeviceClass9availableEm
                0x00002ef8       0x2c C:/Users/Emanuele/Documents/sloeber-workspace/Blink_1/Release/arduino.ar(USBCore.cpp.o)
                0x00002ef8                USBDeviceClass::available(unsigned long)
 .text._ZN14USBDeviceClass5flushEm
                0x00002f24       0x2c C:/Users/Emanuele/Documents/sloeber-workspace/Blink_1/Release/arduino.ar(USBCore.cpp.o)
                0x00002f24                USBDeviceClass::flush(unsigned long)
 .text._ZN14USBDeviceClass14armRecvCtrlOUTEm
                0x00002f50       0x60 C:/Users/Emanuele/Documents/sloeber-workspace/Blink_1/Release/arduino.ar(USBCore.cpp.o)
                0x00002f50                USBDeviceClass::armRecvCtrlOUT(unsigned long)
 .text._ZN14USBDeviceClass11recvControlEPvm
                0x00002fb0       0x3c C:/Users/Emanuele/Documents/sloeber-workspace/Blink_1/Release/arduino.ar(USBCore.cpp.o)
                0x00002fb0                USBDeviceClass::recvControl(void*, unsigned long)
 .text._ZN14USBDeviceClass7armRecvEm
                0x00002fec       0x3c C:/Users/Emanuele/Documents/sloeber-workspace/Blink_1/Release/arduino.ar(USBCore.cpp.o)
                0x00002fec                USBDeviceClass::armRecv(unsigned long)
 .text._ZN14USBDeviceClass4recvEmPvm
                0x00003028       0xd8 C:/Users/Emanuele/Documents/sloeber-workspace/Blink_1/Release/arduino.ar(USBCore.cpp.o)
                0x00003028                USBDeviceClass::recv(unsigned long, void*, unsigned long)
 .text._ZN14USBDeviceClass4recvEm
                0x00003100       0x1c C:/Users/Emanuele/Documents/sloeber-workspace/Blink_1/Release/arduino.ar(USBCore.cpp.o)
                0x00003100                USBDeviceClass::recv(unsigned long)
 .text._ZN14USBDeviceClass4sendEmPKvm
                0x0000311c      0x124 C:/Users/Emanuele/Documents/sloeber-workspace/Blink_1/Release/arduino.ar(USBCore.cpp.o)
                0x0000311c                USBDeviceClass::send(unsigned long, void const*, unsigned long)
 .text._ZN14USBDeviceClass7armSendEmPKvm
                0x00003240       0x48 C:/Users/Emanuele/Documents/sloeber-workspace/Blink_1/Release/arduino.ar(USBCore.cpp.o)
                0x00003240                USBDeviceClass::armSend(unsigned long, void const*, unsigned long)
 .text._ZN14USBDeviceClass11sendControlEPKvm
                0x00003288       0x58 C:/Users/Emanuele/Documents/sloeber-workspace/Blink_1/Release/arduino.ar(USBCore.cpp.o)
                0x00003288                USBDeviceClass::sendControl(void const*, unsigned long)
 .text._ZN14USBDeviceClass20sendStringDescriptorEPKhh
                0x000032e0       0x68 C:/Users/Emanuele/Documents/sloeber-workspace/Blink_1/Release/arduino.ar(USBCore.cpp.o)
                0x000032e0                USBDeviceClass::sendStringDescriptor(unsigned char const*, unsigned char)
 .text._ZN14USBDeviceClass12packMessagesEb.part.6
                0x00003348       0x20 C:/Users/Emanuele/Documents/sloeber-workspace/Blink_1/Release/arduino.ar(USBCore.cpp.o)
 .text._ZN14USBDeviceClass17sendConfigurationEm
                0x00003368       0x90 C:/Users/Emanuele/Documents/sloeber-workspace/Blink_1/Release/arduino.ar(USBCore.cpp.o)
                0x00003368                USBDeviceClass::sendConfiguration(unsigned long)
 .text._ZN14USBDeviceClass14sendDescriptorER8USBSetup
                0x000033f8       0xb4 C:/Users/Emanuele/Documents/sloeber-workspace/Blink_1/Release/arduino.ar(USBCore.cpp.o)
                0x000033f8                USBDeviceClass::sendDescriptor(USBSetup&)
 .text._ZN14USBDeviceClass19handleStandardSetupER8USBSetup
                0x000034ac      0x118 C:/Users/Emanuele/Documents/sloeber-workspace/Blink_1/Release/arduino.ar(USBCore.cpp.o)
                0x000034ac                USBDeviceClass::handleStandardSetup(USBSetup&)
 .text._ZN14USBDeviceClass10ISRHandlerEv
                0x000035c4      0x150 C:/Users/Emanuele/Documents/sloeber-workspace/Blink_1/Release/arduino.ar(USBCore.cpp.o)
                0x000035c4                USBDeviceClass::ISRHandler()
 .text.UDD_Handler
                0x00003714       0x10 C:/Users/Emanuele/Documents/sloeber-workspace/Blink_1/Release/arduino.ar(USBCore.cpp.o)
                0x00003714                UDD_Handler
 .text.startup._GLOBAL__sub_I__ZN20USBDevice_SAMD21G18x5resetEv
                0x00003724       0x10 C:/Users/Emanuele/Documents/sloeber-workspace/Blink_1/Release/arduino.ar(USBCore.cpp.o)
 .text.initiateReset
                0x00003734        0xc C:/Users/Emanuele/Documents/sloeber-workspace/Blink_1/Release/arduino.ar(Reset.cpp.o)
                0x00003734                initiateReset
 .text.cancelReset
                0x00003740       0x10 C:/Users/Emanuele/Documents/sloeber-workspace/Blink_1/Release/arduino.ar(Reset.cpp.o)
                0x00003740                cancelReset
 .text.tickReset
                0x00003750       0x74 C:/Users/Emanuele/Documents/sloeber-workspace/Blink_1/Release/arduino.ar(Reset.cpp.o)
                0x00003750                tickReset
 .text._ZN6SERCOMC2EP6Sercom
                0x000037c4        0x4 C:/Users/Emanuele/Documents/sloeber-workspace/Blink_1/Release/arduino.ar(SERCOM.cpp.o)
                0x000037c4                SERCOM::SERCOM(Sercom*)
                0x000037c4                SERCOM::SERCOM(Sercom*)
 .text._ZN6SERCOM9initFrameE18SercomUartCharSize15SercomDataOrder16SercomParityMode19SercomNumberStopBit
                0x000037c8       0x38 C:/Users/Emanuele/Documents/sloeber-workspace/Blink_1/Release/arduino.ar(SERCOM.cpp.o)
                0x000037c8                SERCOM::initFrame(SercomUartCharSize, SercomDataOrder, SercomParityMode, SercomNumberStopBit)
 .text._ZN6SERCOM8initPadsE15SercomUartTXPad11SercomRXPad
                0x00003800       0x26 C:/Users/Emanuele/Documents/sloeber-workspace/Blink_1/Release/arduino.ar(SERCOM.cpp.o)
                0x00003800                SERCOM::initPads(SercomUartTXPad, SercomRXPad)
 .text._ZN6SERCOM9resetUARTEv
                0x00003826       0x1c C:/Users/Emanuele/Documents/sloeber-workspace/Blink_1/Release/arduino.ar(SERCOM.cpp.o)
                0x00003826                SERCOM::resetUART()
 .text._ZN6SERCOM10enableUARTEv
                0x00003842       0x14 C:/Users/Emanuele/Documents/sloeber-workspace/Blink_1/Release/arduino.ar(SERCOM.cpp.o)
                0x00003842                SERCOM::enableUART()
 .text._ZN6SERCOM9flushUARTEv
                0x00003856       0x10 C:/Users/Emanuele/Documents/sloeber-workspace/Blink_1/Release/arduino.ar(SERCOM.cpp.o)
                0x00003856                SERCOM::flushUART()
 .text._ZN6SERCOM15clearStatusUARTEv
                0x00003866        0x8 C:/Users/Emanuele/Documents/sloeber-workspace/Blink_1/Release/arduino.ar(SERCOM.cpp.o)
                0x00003866                SERCOM::clearStatusUART()
 .text._ZN6SERCOM17availableDataUARTEv
                0x0000386e        0xa C:/Users/Emanuele/Documents/sloeber-workspace/Blink_1/Release/arduino.ar(SERCOM.cpp.o)
                0x0000386e                SERCOM::availableDataUART()
 .text._ZN6SERCOM11isUARTErrorEv
                0x00003878        0x8 C:/Users/Emanuele/Documents/sloeber-workspace/Blink_1/Release/arduino.ar(SERCOM.cpp.o)
                0x00003878                SERCOM::isUARTError()
 .text._ZN6SERCOM20acknowledgeUARTErrorEv
                0x00003880        0xe C:/Users/Emanuele/Documents/sloeber-workspace/Blink_1/Release/arduino.ar(SERCOM.cpp.o)
                0x00003880                SERCOM::acknowledgeUARTError()
 .text._ZN6SERCOM12readDataUARTEv
                0x0000388e        0x8 C:/Users/Emanuele/Documents/sloeber-workspace/Blink_1/Release/arduino.ar(SERCOM.cpp.o)
                0x0000388e                SERCOM::readDataUART()
 .text._ZN6SERCOM13writeDataUARTEh
                0x00003896        0xe C:/Users/Emanuele/Documents/sloeber-workspace/Blink_1/Release/arduino.ar(SERCOM.cpp.o)
                0x00003896                SERCOM::writeDataUART(unsigned char)
 .text._ZN6SERCOM13initClockNVICEv
                0x000038a4       0xac C:/Users/Emanuele/Documents/sloeber-workspace/Blink_1/Release/arduino.ar(SERCOM.cpp.o)
                0x000038a4                SERCOM::initClockNVIC()
 .text._ZN6SERCOM8initUARTE14SercomUartMode20SercomUartSampleRatem
                0x00003950       0x6c C:/Users/Emanuele/Documents/sloeber-workspace/Blink_1/Release/arduino.ar(SERCOM.cpp.o)
                0x00003950                SERCOM::initUART(SercomUartMode, SercomUartSampleRate, unsigned long)
 .text._ZN4UartcvbEv
                0x000039bc        0x4 C:/Users/Emanuele/Documents/sloeber-workspace/Blink_1/Release/arduino.ar(Uart.cpp.o)
                0x000039bc                Uart::operator bool()
 .text._ZN4Uart5beginEm
                0x000039c0       0x10 C:/Users/Emanuele/Documents/sloeber-workspace/Blink_1/Release/arduino.ar(Uart.cpp.o)
                0x000039c0                Uart::begin(unsigned long)
 .text._ZN4Uart3endEv
                0x000039d0       0x14 C:/Users/Emanuele/Documents/sloeber-workspace/Blink_1/Release/arduino.ar(Uart.cpp.o)
                0x000039d0                Uart::end()
 .text._ZN4Uart5flushEv
                0x000039e4        0xa C:/Users/Emanuele/Documents/sloeber-workspace/Blink_1/Release/arduino.ar(Uart.cpp.o)
                0x000039e4                Uart::flush()
 .text._ZN4Uart9availableEv
                0x000039ee        0xa C:/Users/Emanuele/Documents/sloeber-workspace/Blink_1/Release/arduino.ar(Uart.cpp.o)
                0x000039ee                Uart::available()
 .text._ZN4Uart4peekEv
                0x000039f8        0xa C:/Users/Emanuele/Documents/sloeber-workspace/Blink_1/Release/arduino.ar(Uart.cpp.o)
                0x000039f8                Uart::peek()
 .text._ZN4Uart4readEv
                0x00003a02        0xa C:/Users/Emanuele/Documents/sloeber-workspace/Blink_1/Release/arduino.ar(Uart.cpp.o)
                0x00003a02                Uart::read()
 .text._ZN4Uart5writeEh
                0x00003a0c        0xc C:/Users/Emanuele/Documents/sloeber-workspace/Blink_1/Release/arduino.ar(Uart.cpp.o)
                0x00003a0c                Uart::write(unsigned char)
 .text._ZN4UartC2EP6SERCOMhh11SercomRXPad15SercomUartTXPad
                0x00003a18       0x48 C:/Users/Emanuele/Documents/sloeber-workspace/Blink_1/Release/arduino.ar(Uart.cpp.o)
                0x00003a18                Uart::Uart(SERCOM*, unsigned char, unsigned char, SercomRXPad, SercomUartTXPad)
                0x00003a18                Uart::Uart(SERCOM*, unsigned char, unsigned char, SercomRXPad, SercomUartTXPad)
 .text._ZN4Uart10IrqHandlerEv
                0x00003a60       0x36 C:/Users/Emanuele/Documents/sloeber-workspace/Blink_1/Release/arduino.ar(Uart.cpp.o)
                0x00003a60                Uart::IrqHandler()
 .text._ZN4Uart16extractNbStopBitEt
                0x00003a96        0xe C:/Users/Emanuele/Documents/sloeber-workspace/Blink_1/Release/arduino.ar(Uart.cpp.o)
                0x00003a96                Uart::extractNbStopBit(unsigned short)
 .text._ZN4Uart15extractCharSizeEt
                0x00003aa4       0x2c C:/Users/Emanuele/Documents/sloeber-workspace/Blink_1/Release/arduino.ar(Uart.cpp.o)
                0x00003aa4                Uart::extractCharSize(unsigned short)
 .text._ZN4Uart13extractParityEt
                0x00003ad0       0x18 C:/Users/Emanuele/Documents/sloeber-workspace/Blink_1/Release/arduino.ar(Uart.cpp.o)
                0x00003ad0                Uart::extractParity(unsigned short)
 .text._ZN4Uart5beginEmt
                0x00003ae8       0x88 C:/Users/Emanuele/Documents/sloeber-workspace/Blink_1/Release/arduino.ar(Uart.cpp.o)
                0x00003ae8                Uart::begin(unsigned long, unsigned short)
 .text._Znwj    0x00003b70        0x8 C:/Users/Emanuele/Documents/sloeber-workspace/Blink_1/Release/arduino.ar(new.cpp.o)
                0x00003b70                operator new(unsigned int)
 .text._ZN7Serial_17availableForWriteEv
                0x00003b78        0x4 C:/Users/Emanuele/Documents/sloeber-workspace/Blink_1/Release/arduino.ar(CDC.cpp.o)
                0x00003b78                Serial_::availableForWrite()
 .text._ZN7Serial_5writeEh
                0x00003b7c       0x14 C:/Users/Emanuele/Documents/sloeber-workspace/Blink_1/Release/arduino.ar(CDC.cpp.o)
                0x00003b7c                Serial_::write(unsigned char)
 .text._ZN7Serial_9availableEv
                0x00003b90        0xc C:/Users/Emanuele/Documents/sloeber-workspace/Blink_1/Release/arduino.ar(CDC.cpp.o)
                0x00003b90                Serial_::available()
 .text._ZN7Serial_5flushEv
                0x00003b9c        0xc C:/Users/Emanuele/Documents/sloeber-workspace/Blink_1/Release/arduino.ar(CDC.cpp.o)
                0x00003b9c                Serial_::flush()
 .text._ZN7Serial_5writeEPKhj
                0x00003ba8       0x1c C:/Users/Emanuele/Documents/sloeber-workspace/Blink_1/Release/arduino.ar(CDC.cpp.o)
                0x00003ba8                Serial_::write(unsigned char const*, unsigned int)
 .text._ZN7Serial_4peekEv
                0x00003bc4       0x1c C:/Users/Emanuele/Documents/sloeber-workspace/Blink_1/Release/arduino.ar(CDC.cpp.o)
                0x00003bc4                Serial_::peek()
 .text._ZN7Serial_4readEv
                0x00003be0       0x24 C:/Users/Emanuele/Documents/sloeber-workspace/Blink_1/Release/arduino.ar(CDC.cpp.o)
                0x00003be0                Serial_::read()
 .text._Z16CDC_GetInterfacePh
                0x00003c04       0x1c C:/Users/Emanuele/Documents/sloeber-workspace/Blink_1/Release/arduino.ar(CDC.cpp.o)
                0x00003c04                CDC_GetInterface(unsigned char*)
 .text._Z9CDC_SetupR8USBSetup
                0x00003c20       0x80 C:/Users/Emanuele/Documents/sloeber-workspace/Blink_1/Release/arduino.ar(CDC.cpp.o)
                0x00003c20                CDC_Setup(USBSetup&)
 .text.startup._GLOBAL__sub_I__Z17_CDC_GetInterfacev
                0x00003ca0       0x28 C:/Users/Emanuele/Documents/sloeber-workspace/Blink_1/Release/arduino.ar(CDC.cpp.o)
 .text._ZN13PluggableUSB_12getInterfaceEPh
                0x00003cc8       0x2a C:/Users/Emanuele/Documents/sloeber-workspace/Blink_1/Release/arduino.ar(PluggableUSB.cpp.o)
                0x00003cc8                PluggableUSB_::getInterface(unsigned char*)
 .text._ZN13PluggableUSB_13getDescriptorER8USBSetup
                0x00003cf2       0x20 C:/Users/Emanuele/Documents/sloeber-workspace/Blink_1/Release/arduino.ar(PluggableUSB.cpp.o)
                0x00003cf2                PluggableUSB_::getDescriptor(USBSetup&)
 .text._ZN13PluggableUSB_12getShortNameEPc
                0x00003d12       0x1e C:/Users/Emanuele/Documents/sloeber-workspace/Blink_1/Release/arduino.ar(PluggableUSB.cpp.o)
                0x00003d12                PluggableUSB_::getShortName(char*)
 .text._ZN13PluggableUSB_5setupER8USBSetup
                0x00003d30       0x24 C:/Users/Emanuele/Documents/sloeber-workspace/Blink_1/Release/arduino.ar(PluggableUSB.cpp.o)
                0x00003d30                PluggableUSB_::setup(USBSetup&)
 .text._Z12PluggableUSBv
                0x00003d54       0x24 C:/Users/Emanuele/Documents/sloeber-workspace/Blink_1/Release/arduino.ar(PluggableUSB.cpp.o)
                0x00003d54                PluggableUSB()
 .text._ZN5Print5writeEPKhj
                0x00003d78       0x28 C:/Users/Emanuele/Documents/sloeber-workspace/Blink_1/Release/arduino.ar(Print.cpp.o)
                0x00003d78                Print::write(unsigned char const*, unsigned int)
 .text._ZN10RingBufferC2Ev
                0x00003da0       0x1a C:/Users/Emanuele/Documents/sloeber-workspace/Blink_1/Release/arduino.ar(RingBuffer.cpp.o)
                0x00003da0                RingBuffer::RingBuffer()
                0x00003da0                RingBuffer::RingBuffer()
 .text._ZN10RingBuffer10store_charEh
                0x00003dba       0x24 C:/Users/Emanuele/Documents/sloeber-workspace/Blink_1/Release/arduino.ar(RingBuffer.cpp.o)
                0x00003dba                RingBuffer::store_char(unsigned char)
 .text._ZN10RingBuffer5clearEv
                0x00003dde        0xe C:/Users/Emanuele/Documents/sloeber-workspace/Blink_1/Release/arduino.ar(RingBuffer.cpp.o)
                0x00003dde                RingBuffer::clear()
 .text._ZN10RingBuffer9read_charEv
                0x00003dec       0x28 C:/Users/Emanuele/Documents/sloeber-workspace/Blink_1/Release/arduino.ar(RingBuffer.cpp.o)
                0x00003dec                RingBuffer::read_char()
 .text._ZN10RingBuffer9availableEv
                0x00003e14       0x12 C:/Users/Emanuele/Documents/sloeber-workspace/Blink_1/Release/arduino.ar(RingBuffer.cpp.o)
                0x00003e14                RingBuffer::available()
 .text._ZN10RingBuffer4peekEv
                0x00003e26       0x1a C:/Users/Emanuele/Documents/sloeber-workspace/Blink_1/Release/arduino.ar(RingBuffer.cpp.o)
                0x00003e26                RingBuffer::peek()
 .text          0x00003e40       0x14 c:/program files/sloeber/arduinoplugin/packages/arduino/tools/arm-none-eabi-gcc/4.8.3-2014q1/bin/../lib/gcc/arm-none-eabi/4.8.3/armv6-m\libgcc.a(_thumb1_case_uqi.o)
                0x00003e40                __gnu_thumb1_case_uqi
 .text          0x00003e54       0x9c c:/program files/sloeber/arduinoplugin/packages/arduino/tools/arm-none-eabi-gcc/4.8.3-2014q1/bin/../lib/gcc/arm-none-eabi/4.8.3/armv6-m\libgcc.a(_udivsi3.o)
                0x00003e54                __aeabi_uidiv
                0x00003e54                __udivsi3
                0x00003edc                __aeabi_uidivmod
 .text          0x00003ef0        0x4 c:/program files/sloeber/arduinoplugin/packages/arduino/tools/arm-none-eabi-gcc/4.8.3-2014q1/bin/../lib/gcc/arm-none-eabi/4.8.3/armv6-m\libgcc.a(_dvmd_tls.o)
                0x00003ef0                __aeabi_idiv0
                0x00003ef0                __aeabi_ldiv0
 .text.__libc_init_array
                0x00003ef4       0x4c c:/program files/sloeber/arduinoplugin/packages/arduino/tools/arm-none-eabi-gcc/4.8.3-2014q1/bin/../lib/gcc/arm-none-eabi/4.8.3/../../../../arm-none-eabi/lib/armv6-m\libc_s.a(lib_a-init.o)
                0x00003ef4                __libc_init_array
 .text.malloc   0x00003f40       0x14 c:/program files/sloeber/arduinoplugin/packages/arduino/tools/arm-none-eabi-gcc/4.8.3-2014q1/bin/../lib/gcc/arm-none-eabi/4.8.3/../../../../arm-none-eabi/lib/armv6-m\libc_s.a(lib_a-malloc.o)
                0x00003f40                malloc
 .text.memcpy   0x00003f54       0x12 c:/program files/sloeber/arduinoplugin/packages/arduino/tools/arm-none-eabi-gcc/4.8.3-2014q1/bin/../lib/gcc/arm-none-eabi/4.8.3/../../../../arm-none-eabi/lib/armv6-m\libc_s.a(lib_a-memcpy-stub.o)
                0x00003f54                memcpy
 .text.memset   0x00003f66       0x10 c:/program files/sloeber/arduinoplugin/packages/arduino/tools/arm-none-eabi-gcc/4.8.3-2014q1/bin/../lib/gcc/arm-none-eabi/4.8.3/../../../../arm-none-eabi/lib/armv6-m\libc_s.a(lib_a-memset.o)
                0x00003f66                memset
 *fill*         0x00003f76        0x2 
 .text._malloc_r
                0x00003f78       0xa8 c:/program files/sloeber/arduinoplugin/packages/arduino/tools/arm-none-eabi-gcc/4.8.3-2014q1/bin/../lib/gcc/arm-none-eabi/4.8.3/../../../../arm-none-eabi/lib/armv6-m\libc_s.a(lib_a-nano-mallocr.o)
                0x00003f78                _malloc_r
 .text._sbrk_r  0x00004020       0x24 c:/program files/sloeber/arduinoplugin/packages/arduino/tools/arm-none-eabi-gcc/4.8.3-2014q1/bin/../lib/gcc/arm-none-eabi/4.8.3/../../../../arm-none-eabi/lib/armv6-m\libc_s.a(lib_a-sbrkr.o)
                0x00004020                _sbrk_r
 .text.strlen   0x00004044        0xe c:/program files/sloeber/arduinoplugin/packages/arduino/tools/arm-none-eabi-gcc/4.8.3-2014q1/bin/../lib/gcc/arm-none-eabi/4.8.3/../../../../arm-none-eabi/lib/armv6-m\libc_s.a(lib_a-strlen.o)
                0x00004044                strlen
 *fill*         0x00004052        0x2 
 .text._sbrk    0x00004054       0x34 c:/program files/sloeber/arduinoplugin/packages/arduino/tools/arm-none-eabi-gcc/4.8.3-2014q1/bin/../lib/gcc/arm-none-eabi/4.8.3/../../../../arm-none-eabi/lib/armv6-m\libnosys.a(sbrk.o)
                0x00004054                _sbrk
 *(.init)
 .init          0x00004088        0x4 c:/program files/sloeber/arduinoplugin/packages/arduino/tools/arm-none-eabi-gcc/4.8.3-2014q1/bin/../lib/gcc/arm-none-eabi/4.8.3/armv6-m/crti.o
                0x00004088                _init
 .init          0x0000408c        0x8 c:/program files/sloeber/arduinoplugin/packages/arduino/tools/arm-none-eabi-gcc/4.8.3-2014q1/bin/../lib/gcc/arm-none-eabi/4.8.3/armv6-m/crtn.o
 *(.fini)
 .fini          0x00004094        0x4 c:/program files/sloeber/arduinoplugin/packages/arduino/tools/arm-none-eabi-gcc/4.8.3-2014q1/bin/../lib/gcc/arm-none-eabi/4.8.3/armv6-m/crti.o
                0x00004094                _fini
 .fini          0x00004098        0x8 c:/program files/sloeber/arduinoplugin/packages/arduino/tools/arm-none-eabi-gcc/4.8.3-2014q1/bin/../lib/gcc/arm-none-eabi/4.8.3/armv6-m/crtn.o
 *crtbegin.o(.ctors)
 *crtbegin?.o(.ctors)
 *(EXCLUDE_FILE(*crtend.o *crtend?.o) .ctors)
 *(SORT(.ctors.*))
 *(.ctors)
 *crtbegin.o(.dtors)
 *crtbegin?.o(.dtors)
 *(EXCLUDE_FILE(*crtend.o *crtend?.o) .dtors)
 *(SORT(.dtors.*))
 *(.dtors)
 *(.rodata*)
 .rodata.g_APinDescription
                0x000040a0      0x450 C:/Users/Emanuele/Documents/sloeber-workspace/Blink_1/Release/arduino.ar(variant.cpp.o)
                0x000040a0                g_APinDescription
 .rodata._ZTV26DoubleBufferedEPOutHandler
                0x000044f0       0x18 C:/Users/Emanuele/Documents/sloeber-workspace/Blink_1/Release/arduino.ar(USBCore.cpp.o)
                0x000044f0                vtable for DoubleBufferedEPOutHandler
 .rodata._ZL19STRING_MANUFACTURER
                0x00004508        0x9 C:/Users/Emanuele/Documents/sloeber-workspace/Blink_1/Release/arduino.ar(USBCore.cpp.o)
 *fill*         0x00004511        0x1 
 .rodata._ZL15STRING_LANGUAGE
                0x00004512        0x4 C:/Users/Emanuele/Documents/sloeber-workspace/Blink_1/Release/arduino.ar(USBCore.cpp.o)
 .rodata._ZL21USB_DeviceDescriptorB
                0x00004516       0x12 C:/Users/Emanuele/Documents/sloeber-workspace/Blink_1/Release/arduino.ar(USBCore.cpp.o)
 .rodata._ZL14STRING_PRODUCT
                0x00004528        0xb C:/Users/Emanuele/Documents/sloeber-workspace/Blink_1/Release/arduino.ar(USBCore.cpp.o)
 *fill*         0x00004533        0x5 
 .rodata._ZTV4Uart
                0x00004538       0x30 C:/Users/Emanuele/Documents/sloeber-workspace/Blink_1/Release/arduino.ar(Uart.cpp.o)
                0x00004538                vtable for Uart
 .rodata._ZTV7Serial_
                0x00004568       0x28 C:/Users/Emanuele/Documents/sloeber-workspace/Blink_1/Release/arduino.ar(CDC.cpp.o)
                0x00004568                vtable for Serial_
 .rodata.str1.1
                0x00004590        0x2 c:/program files/sloeber/arduinoplugin/packages/arduino/tools/arm-none-eabi-gcc/4.8.3-2014q1/bin/../lib/gcc/arm-none-eabi/4.8.3/../../../../arm-none-eabi/lib/armv6-m\libc_s.a(lib_a-impure.o)
 *(.eh_frame*)
 *fill*         0x00004592        0x2 
 .eh_frame      0x00004594        0x0 c:/program files/sloeber/arduinoplugin/packages/arduino/tools/arm-none-eabi-gcc/4.8.3-2014q1/bin/../lib/gcc/arm-none-eabi/4.8.3/armv6-m/crtbegin.o
 .eh_frame      0x00004594        0x4 c:/program files/sloeber/arduinoplugin/packages/arduino/tools/arm-none-eabi-gcc/4.8.3-2014q1/bin/../lib/gcc/arm-none-eabi/4.8.3/armv6-m/crtend.o

.glue_7         0x00004598        0x0
 .glue_7        0x00000000        0x0 linker stubs

.glue_7t        0x00004598        0x0
 .glue_7t       0x00000000        0x0 linker stubs

.vfp11_veneer   0x00004598        0x0
 .vfp11_veneer  0x00000000        0x0 linker stubs

.v4_bx          0x00004598        0x0
 .v4_bx         0x00000000        0x0 linker stubs

.iplt           0x00004598        0x0
 .iplt          0x00000000        0x0 c:/program files/sloeber/arduinoplugin/packages/arduino/tools/arm-none-eabi-gcc/4.8.3-2014q1/bin/../lib/gcc/arm-none-eabi/4.8.3/armv6-m/crtbegin.o

.rel.dyn        0x00004598        0x0
 .rel.iplt      0x00000000        0x0 c:/program files/sloeber/arduinoplugin/packages/arduino/tools/arm-none-eabi-gcc/4.8.3-2014q1/bin/../lib/gcc/arm-none-eabi/4.8.3/armv6-m/crtbegin.o

.ARM.extab
 *(.ARM.extab* .gnu.linkonce.armextab.*)
                0x00004598                __exidx_start = .

.ARM.exidx
 *(.ARM.exidx* .gnu.linkonce.armexidx.*)
                0x00004598                __exidx_end = .
                0x00004598                __etext = .

.data           0x20000000      0x100 load address 0x00004598
                0x20000000                __data_start__ = .
 *(vtable)
 *(.data*)
 .data.SystemCoreClock
                0x20000000        0x4 C:/Users/Emanuele/Documents/sloeber-workspace/Blink_1/Release/arduino.ar(wiring.c.o)
                0x20000000                SystemCoreClock
 .data.EndPoints
                0x20000004       0x28 C:/Users/Emanuele/Documents/sloeber-workspace/Blink_1/Release/arduino.ar(USBCore.cpp.o)
                0x20000004                EndPoints
 .data._ZL5ticks
                0x2000002c        0x4 C:/Users/Emanuele/Documents/sloeber-workspace/Blink_1/Release/arduino.ar(Reset.cpp.o)
 .data._ZL12_usbLineInfo
                0x20000030        0x8 C:/Users/Emanuele/Documents/sloeber-workspace/Blink_1/Release/arduino.ar(CDC.cpp.o)
 .data._ZL10breakValue
                0x20000038        0x4 C:/Users/Emanuele/Documents/sloeber-workspace/Blink_1/Release/arduino.ar(CDC.cpp.o)
 .data._ZL13_cdcInterface
                0x2000003c       0x42 C:/Users/Emanuele/Documents/sloeber-workspace/Blink_1/Release/arduino.ar(CDC.cpp.o)
 *fill*         0x2000007e        0x2 
 .data._serialPeek
                0x20000080        0x4 C:/Users/Emanuele/Documents/sloeber-workspace/Blink_1/Release/arduino.ar(CDC.cpp.o)
                0x20000080                _serialPeek
 .data.impure_data
                0x20000084       0x60 c:/program files/sloeber/arduinoplugin/packages/arduino/tools/arm-none-eabi-gcc/4.8.3-2014q1/bin/../lib/gcc/arm-none-eabi/4.8.3/../../../../arm-none-eabi/lib/armv6-m\libc_s.a(lib_a-impure.o)
 .data._impure_ptr
                0x200000e4        0x4 c:/program files/sloeber/arduinoplugin/packages/arduino/tools/arm-none-eabi-gcc/4.8.3-2014q1/bin/../lib/gcc/arm-none-eabi/4.8.3/../../../../arm-none-eabi/lib/armv6-m\libc_s.a(lib_a-impure.o)
                0x200000e4                _impure_ptr
                0x200000e8                . = ALIGN (0x4)
                0x200000e8                PROVIDE (__preinit_array_start, .)
 *(.preinit_array)
                0x200000e8                PROVIDE (__preinit_array_end, .)
                0x200000e8                . = ALIGN (0x4)
                0x200000e8                PROVIDE (__init_array_start, .)
 *(SORT(.init_array.*))
 *(.init_array)
 .init_array    0x200000e8        0x4 c:/program files/sloeber/arduinoplugin/packages/arduino/tools/arm-none-eabi-gcc/4.8.3-2014q1/bin/../lib/gcc/arm-none-eabi/4.8.3/armv6-m/crtbegin.o
 .init_array    0x200000ec        0x4 C:/Users/Emanuele/Documents/sloeber-workspace/Blink_1/Release/arduino.ar(variant.cpp.o)
 .init_array    0x200000f0        0x4 C:/Users/Emanuele/Documents/sloeber-workspace/Blink_1/Release/arduino.ar(USBCore.cpp.o)
 .init_array    0x200000f4        0x4 C:/Users/Emanuele/Documents/sloeber-workspace/Blink_1/Release/arduino.ar(CDC.cpp.o)
                0x200000f8                PROVIDE (__init_array_end, .)
                0x200000f8                . = ALIGN (0x4)
                0x200000f8                PROVIDE (__fini_array_start, .)
 *(SORT(.fini_array.*))
 *(.fini_array)
 .fini_array    0x200000f8        0x4 c:/program files/sloeber/arduinoplugin/packages/arduino/tools/arm-none-eabi-gcc/4.8.3-2014q1/bin/../lib/gcc/arm-none-eabi/4.8.3/armv6-m/crtbegin.o
                0x200000fc                PROVIDE (__fini_array_end, .)
 *(.jcr*)
 .jcr           0x200000fc        0x0 c:/program files/sloeber/arduinoplugin/packages/arduino/tools/arm-none-eabi-gcc/4.8.3-2014q1/bin/../lib/gcc/arm-none-eabi/4.8.3/armv6-m/crtbegin.o
 .jcr           0x200000fc        0x4 c:/program files/sloeber/arduinoplugin/packages/arduino/tools/arm-none-eabi-gcc/4.8.3-2014q1/bin/../lib/gcc/arm-none-eabi/4.8.3/armv6-m/crtend.o
                0x20000100                . = ALIGN (0x10)
                0x20000100                __data_end__ = .

.igot.plt       0x20000100        0x0 load address 0x00004698
 .igot.plt      0x00000000        0x0 c:/program files/sloeber/arduinoplugin/packages/arduino/tools/arm-none-eabi-gcc/4.8.3-2014q1/bin/../lib/gcc/arm-none-eabi/4.8.3/armv6-m/crtbegin.o

.bss            0x20000100      0x7bc load address 0x00004698
                0x20000100                . = ALIGN (0x4)
                0x20000100                __bss_start__ = .
 *(.bss*)
 .bss           0x20000100       0x1c c:/program files/sloeber/arduinoplugin/packages/arduino/tools/arm-none-eabi-gcc/4.8.3-2014q1/bin/../lib/gcc/arm-none-eabi/4.8.3/armv6-m/crtbegin.o
 .bss.usb_isr   0x2000011c        0x4 C:/Users/Emanuele/Documents/sloeber-workspace/Blink_1/Release/arduino.ar(cortex_handlers.c.o)
 .bss._ulTickCount
                0x20000120        0x4 C:/Users/Emanuele/Documents/sloeber-workspace/Blink_1/Release/arduino.ar(delay.c.o)
 .bss.Serial1   0x20000124       0xc4 C:/Users/Emanuele/Documents/sloeber-workspace/Blink_1/Release/arduino.ar(variant.cpp.o)
                0x20000124                Serial1
 .bss.Serial5   0x200001e8       0xc4 C:/Users/Emanuele/Documents/sloeber-workspace/Blink_1/Release/arduino.ar(variant.cpp.o)
                0x200001e8                Serial5
 .bss.sercom3   0x200002ac        0x4 C:/Users/Emanuele/Documents/sloeber-workspace/Blink_1/Release/arduino.ar(variant.cpp.o)
                0x200002ac                sercom3
 .bss.sercom0   0x200002b0        0x4 C:/Users/Emanuele/Documents/sloeber-workspace/Blink_1/Release/arduino.ar(variant.cpp.o)
                0x200002b0                sercom0
 .bss.sercom1   0x200002b4        0x4 C:/Users/Emanuele/Documents/sloeber-workspace/Blink_1/Release/arduino.ar(variant.cpp.o)
                0x200002b4                sercom1
 .bss.sercom2   0x200002b8        0x4 C:/Users/Emanuele/Documents/sloeber-workspace/Blink_1/Release/arduino.ar(variant.cpp.o)
                0x200002b8                sercom2
 .bss.sercom4   0x200002bc        0x4 C:/Users/Emanuele/Documents/sloeber-workspace/Blink_1/Release/arduino.ar(variant.cpp.o)
                0x200002bc                sercom4
 .bss.sercom5   0x200002c0        0x4 C:/Users/Emanuele/Documents/sloeber-workspace/Blink_1/Release/arduino.ar(variant.cpp.o)
                0x200002c0                sercom5
 .bss._ZL14isEndpointHalt
                0x200002c4        0x1 C:/Users/Emanuele/Documents/sloeber-workspace/Blink_1/Release/arduino.ar(USBCore.cpp.o)
 .bss._pack_buffer
                0x200002c5      0x100 C:/Users/Emanuele/Documents/sloeber-workspace/Blink_1/Release/arduino.ar(USBCore.cpp.o)
                0x200002c5                _pack_buffer
 *fill*         0x200003c5        0x1 
 .bss._pack_size
                0x200003c6        0x2 C:/Users/Emanuele/Documents/sloeber-workspace/Blink_1/Release/arduino.ar(USBCore.cpp.o)
                0x200003c6                _pack_size
 .bss._ZL20LastTransmitTimedOut
                0x200003c8        0x7 C:/Users/Emanuele/Documents/sloeber-workspace/Blink_1/Release/arduino.ar(USBCore.cpp.o)
 *fill*         0x200003cf        0x1 
 .bss._ZL22udd_ep_in_cache_buffer
                0x200003d0      0x1c0 C:/Users/Emanuele/Documents/sloeber-workspace/Blink_1/Release/arduino.ar(USBCore.cpp.o)
 .bss._ZL10txLEDPulse
                0x20000590        0x1 C:/Users/Emanuele/Documents/sloeber-workspace/Blink_1/Release/arduino.ar(USBCore.cpp.o)
 *fill*         0x20000591        0x3 
 .bss._ZL23udd_ep_out_cache_buffer
                0x20000594      0x1c0 C:/Users/Emanuele/Documents/sloeber-workspace/Blink_1/Release/arduino.ar(USBCore.cpp.o)
 .bss._ZL10epHandlers
                0x20000754       0x1c C:/Users/Emanuele/Documents/sloeber-workspace/Blink_1/Release/arduino.ar(USBCore.cpp.o)
 .bss._pack_message
                0x20000770        0x1 C:/Users/Emanuele/Documents/sloeber-workspace/Blink_1/Release/arduino.ar(USBCore.cpp.o)
                0x20000770                _pack_message
 .bss._ZL21isRemoteWakeUpEnabled
                0x20000771        0x1 C:/Users/Emanuele/Documents/sloeber-workspace/Blink_1/Release/arduino.ar(USBCore.cpp.o)
 .bss._dry_run  0x20000772        0x1 C:/Users/Emanuele/Documents/sloeber-workspace/Blink_1/Release/arduino.ar(USBCore.cpp.o)
                0x20000772                _dry_run
 .bss.USBDevice
                0x20000773        0x1 C:/Users/Emanuele/Documents/sloeber-workspace/Blink_1/Release/arduino.ar(USBCore.cpp.o)
                0x20000773                USBDevice
 .bss._usbSetInterface
                0x20000774        0x4 C:/Users/Emanuele/Documents/sloeber-workspace/Blink_1/Release/arduino.ar(USBCore.cpp.o)
                0x20000774                _usbSetInterface
 .bss._ZL10rxLEDPulse
                0x20000778        0x1 C:/Users/Emanuele/Documents/sloeber-workspace/Blink_1/Release/arduino.ar(USBCore.cpp.o)
 *fill*         0x20000779        0x3 
 .bss.usbd      0x2000077c      0x104 C:/Users/Emanuele/Documents/sloeber-workspace/Blink_1/Release/arduino.ar(USBCore.cpp.o)
                0x2000077c                usbd
 .bss._usbConfiguration
                0x20000880        0x4 C:/Users/Emanuele/Documents/sloeber-workspace/Blink_1/Release/arduino.ar(USBCore.cpp.o)
                0x20000880                _usbConfiguration
 .bss.Serial    0x20000884       0x1c C:/Users/Emanuele/Documents/sloeber-workspace/Blink_1/Release/arduino.ar(CDC.cpp.o)
                0x20000884                Serial
 .bss._ZZ12PluggableUSBvE3obj
                0x200008a0        0x8 C:/Users/Emanuele/Documents/sloeber-workspace/Blink_1/Release/arduino.ar(PluggableUSB.cpp.o)
 .bss._ZGVZ12PluggableUSBvE3obj
                0x200008a8        0x4 C:/Users/Emanuele/Documents/sloeber-workspace/Blink_1/Release/arduino.ar(PluggableUSB.cpp.o)
 .bss.__malloc_sbrk_start
                0x200008ac        0x4 c:/program files/sloeber/arduinoplugin/packages/arduino/tools/arm-none-eabi-gcc/4.8.3-2014q1/bin/../lib/gcc/arm-none-eabi/4.8.3/../../../../arm-none-eabi/lib/armv6-m\libc_s.a(lib_a-nano-mallocr.o)
                0x200008ac                __malloc_sbrk_start
 .bss.__malloc_free_list
                0x200008b0        0x4 c:/program files/sloeber/arduinoplugin/packages/arduino/tools/arm-none-eabi-gcc/4.8.3-2014q1/bin/../lib/gcc/arm-none-eabi/4.8.3/../../../../arm-none-eabi/lib/armv6-m\libc_s.a(lib_a-nano-mallocr.o)
                0x200008b0                __malloc_free_list
 .bss.heap_end.4243
                0x200008b4        0x4 c:/program files/sloeber/arduinoplugin/packages/arduino/tools/arm-none-eabi-gcc/4.8.3-2014q1/bin/../lib/gcc/arm-none-eabi/4.8.3/../../../../arm-none-eabi/lib/armv6-m\libnosys.a(sbrk.o)
 *(COMMON)
 COMMON         0x200008b8        0x4 c:/program files/sloeber/arduinoplugin/packages/arduino/tools/arm-none-eabi-gcc/4.8.3-2014q1/bin/../lib/gcc/arm-none-eabi/4.8.3/../../../../arm-none-eabi/lib/armv6-m\libc_s.a(lib_a-reent.o)
                0x200008b8                errno
                0x200008bc                . = ALIGN (0x4)
                0x200008bc                __bss_end__ = .

.heap           0x200008bc        0x0
                0x200008bc                __end__ = .
                0x200008bc                PROVIDE (end, .)
 *(.heap*)
                0x200008bc                __HeapLimit = .

.stack_dummy    0x200008bc        0x0
 *(.stack*)
                0x20008000                __StackTop = (ORIGIN (RAM) + 0x8000)
                0x20008000                __StackLimit = (__StackTop - SIZEOF (.stack_dummy))
                0x20008000                PROVIDE (__stack, __StackTop)
                0x20007fff                __ram_end__ = ((ORIGIN (RAM) + 0x8000) - 0x1)
                0x00000001                ASSERT ((__StackLimit >= __HeapLimit), region RAM overflowed with stack)
OUTPUT(C:\Users\Emanuele\Documents\sloeber-workspace\Blink_1/Release/Blink_1.elf elf32-littlearm)

.ARM.attributes
                0x00000000       0x28
 .ARM.attributes
                0x00000000       0x1e c:/program files/sloeber/arduinoplugin/packages/arduino/tools/arm-none-eabi-gcc/4.8.3-2014q1/bin/../lib/gcc/arm-none-eabi/4.8.3/armv6-m/crti.o
 .ARM.attributes
                0x0000001e       0x2c c:/program files/sloeber/arduinoplugin/packages/arduino/tools/arm-none-eabi-gcc/4.8.3-2014q1/bin/../lib/gcc/arm-none-eabi/4.8.3/armv6-m/crtbegin.o
 .ARM.attributes
                0x0000004a       0x32 .\sloeber.ino.cpp.o
 .ARM.attributes
                0x0000007c       0x32 C:/Users/Emanuele/Documents/sloeber-workspace/Blink_1/Release/arduino.ar(cortex_handlers.c.o)
 .ARM.attributes
                0x000000ae       0x32 C:/Users/Emanuele/Documents/sloeber-workspace/Blink_1/Release/arduino.ar(delay.c.o)
 .ARM.attributes
                0x000000e0       0x32 C:/Users/Emanuele/Documents/sloeber-workspace/Blink_1/Release/arduino.ar(hooks.c.o)
 .ARM.attributes
                0x00000112       0x32 C:/Users/Emanuele/Documents/sloeber-workspace/Blink_1/Release/arduino.ar(main.cpp.o)
 .ARM.attributes
                0x00000144       0x32 C:/Users/Emanuele/Documents/sloeber-workspace/Blink_1/Release/arduino.ar(startup.c.o)
 .ARM.attributes
                0x00000176       0x32 C:/Users/Emanuele/Documents/sloeber-workspace/Blink_1/Release/arduino.ar(wiring.c.o)
 .ARM.attributes
                0x000001a8       0x32 C:/Users/Emanuele/Documents/sloeber-workspace/Blink_1/Release/arduino.ar(wiring_analog.c.o)
 .ARM.attributes
                0x000001da       0x32 C:/Users/Emanuele/Documents/sloeber-workspace/Blink_1/Release/arduino.ar(wiring_digital.c.o)
 .ARM.attributes
                0x0000020c       0x32 C:/Users/Emanuele/Documents/sloeber-workspace/Blink_1/Release/arduino.ar(wiring_private.c.o)
 .ARM.attributes
                0x0000023e       0x32 C:/Users/Emanuele/Documents/sloeber-workspace/Blink_1/Release/arduino.ar(variant.cpp.o)
 .ARM.attributes
                0x00000270       0x32 C:/Users/Emanuele/Documents/sloeber-workspace/Blink_1/Release/arduino.ar(USBCore.cpp.o)
 .ARM.attributes
                0x000002a2       0x32 C:/Users/Emanuele/Documents/sloeber-workspace/Blink_1/Release/arduino.ar(Reset.cpp.o)
 .ARM.attributes
                0x000002d4       0x32 C:/Users/Emanuele/Documents/sloeber-workspace/Blink_1/Release/arduino.ar(SERCOM.cpp.o)
 .ARM.attributes
                0x00000306       0x32 C:/Users/Emanuele/Documents/sloeber-workspace/Blink_1/Release/arduino.ar(Uart.cpp.o)
 .ARM.attributes
                0x00000338       0x32 C:/Users/Emanuele/Documents/sloeber-workspace/Blink_1/Release/arduino.ar(new.cpp.o)
 .ARM.attributes
                0x0000036a       0x32 C:/Users/Emanuele/Documents/sloeber-workspace/Blink_1/Release/arduino.ar(CDC.cpp.o)
 .ARM.attributes
                0x0000039c       0x32 C:/Users/Emanuele/Documents/sloeber-workspace/Blink_1/Release/arduino.ar(PluggableUSB.cpp.o)
 .ARM.attributes
                0x000003ce       0x32 C:/Users/Emanuele/Documents/sloeber-workspace/Blink_1/Release/arduino.ar(Print.cpp.o)
 .ARM.attributes
                0x00000400       0x32 C:/Users/Emanuele/Documents/sloeber-workspace/Blink_1/Release/arduino.ar(RingBuffer.cpp.o)
 .ARM.attributes
                0x00000432       0x1e c:/program files/sloeber/arduinoplugin/packages/arduino/tools/arm-none-eabi-gcc/4.8.3-2014q1/bin/../lib/gcc/arm-none-eabi/4.8.3/armv6-m\libgcc.a(_thumb1_case_uqi.o)
 .ARM.attributes
                0x00000450       0x1e c:/program files/sloeber/arduinoplugin/packages/arduino/tools/arm-none-eabi-gcc/4.8.3-2014q1/bin/../lib/gcc/arm-none-eabi/4.8.3/armv6-m\libgcc.a(_udivsi3.o)
 .ARM.attributes
                0x0000046e       0x1e c:/program files/sloeber/arduinoplugin/packages/arduino/tools/arm-none-eabi-gcc/4.8.3-2014q1/bin/../lib/gcc/arm-none-eabi/4.8.3/armv6-m\libgcc.a(_dvmd_tls.o)
 .ARM.attributes
                0x0000048c       0x2c c:/program files/sloeber/arduinoplugin/packages/arduino/tools/arm-none-eabi-gcc/4.8.3-2014q1/bin/../lib/gcc/arm-none-eabi/4.8.3/../../../../arm-none-eabi/lib/armv6-m\libc_s.a(lib_a-impure.o)
 .ARM.attributes
                0x000004b8       0x2c c:/program files/sloeber/arduinoplugin/packages/arduino/tools/arm-none-eabi-gcc/4.8.3-2014q1/bin/../lib/gcc/arm-none-eabi/4.8.3/../../../../arm-none-eabi/lib/armv6-m\libc_s.a(lib_a-init.o)
 .ARM.attributes
                0x000004e4       0x2c c:/program files/sloeber/arduinoplugin/packages/arduino/tools/arm-none-eabi-gcc/4.8.3-2014q1/bin/../lib/gcc/arm-none-eabi/4.8.3/../../../../arm-none-eabi/lib/armv6-m\libc_s.a(lib_a-malloc.o)
 .ARM.attributes
                0x00000510       0x2c c:/program files/sloeber/arduinoplugin/packages/arduino/tools/arm-none-eabi-gcc/4.8.3-2014q1/bin/../lib/gcc/arm-none-eabi/4.8.3/../../../../arm-none-eabi/lib/armv6-m\libc_s.a(lib_a-memcpy-stub.o)
 .ARM.attributes
                0x0000053c       0x2c c:/program files/sloeber/arduinoplugin/packages/arduino/tools/arm-none-eabi-gcc/4.8.3-2014q1/bin/../lib/gcc/arm-none-eabi/4.8.3/../../../../arm-none-eabi/lib/armv6-m\libc_s.a(lib_a-memset.o)
 .ARM.attributes
                0x00000568       0x2c c:/program files/sloeber/arduinoplugin/packages/arduino/tools/arm-none-eabi-gcc/4.8.3-2014q1/bin/../lib/gcc/arm-none-eabi/4.8.3/../../../../arm-none-eabi/lib/armv6-m\libc_s.a(lib_a-nano-mallocr.o)
 .ARM.attributes
                0x00000594       0x2c c:/program files/sloeber/arduinoplugin/packages/arduino/tools/arm-none-eabi-gcc/4.8.3-2014q1/bin/../lib/gcc/arm-none-eabi/4.8.3/../../../../arm-none-eabi/lib/armv6-m\libc_s.a(lib_a-sbrkr.o)
 .ARM.attributes
                0x000005c0       0x2c c:/program files/sloeber/arduinoplugin/packages/arduino/tools/arm-none-eabi-gcc/4.8.3-2014q1/bin/../lib/gcc/arm-none-eabi/4.8.3/../../../../arm-none-eabi/lib/armv6-m\libc_s.a(lib_a-strlen.o)
 .ARM.attributes
                0x000005ec       0x2c c:/program files/sloeber/arduinoplugin/packages/arduino/tools/arm-none-eabi-gcc/4.8.3-2014q1/bin/../lib/gcc/arm-none-eabi/4.8.3/../../../../arm-none-eabi/lib/armv6-m\libc_s.a(lib_a-reent.o)
 .ARM.attributes
                0x00000618       0x2c c:/program files/sloeber/arduinoplugin/packages/arduino/tools/arm-none-eabi-gcc/4.8.3-2014q1/bin/../lib/gcc/arm-none-eabi/4.8.3/../../../../arm-none-eabi/lib/armv6-m\libnosys.a(sbrk.o)
 .ARM.attributes
                0x00000644       0x2c c:/program files/sloeber/arduinoplugin/packages/arduino/tools/arm-none-eabi-gcc/4.8.3-2014q1/bin/../lib/gcc/arm-none-eabi/4.8.3/armv6-m/crtend.o
 .ARM.attributes
                0x00000670       0x1e c:/program files/sloeber/arduinoplugin/packages/arduino/tools/arm-none-eabi-gcc/4.8.3-2014q1/bin/../lib/gcc/arm-none-eabi/4.8.3/armv6-m/crtn.o

.comment        0x00000000       0x70
 .comment       0x00000000       0x70 .\sloeber.ino.cpp.o
                                 0x71 (size before relaxing)
 .comment       0x00000000       0x71 C:/Users/Emanuele/Documents/sloeber-workspace/Blink_1/Release/arduino.ar(cortex_handlers.c.o)
 .comment       0x00000000       0x71 C:/Users/Emanuele/Documents/sloeber-workspace/Blink_1/Release/arduino.ar(delay.c.o)
 .comment       0x00000000       0x71 C:/Users/Emanuele/Documents/sloeber-workspace/Blink_1/Release/arduino.ar(hooks.c.o)
 .comment       0x00000000       0x71 C:/Users/Emanuele/Documents/sloeber-workspace/Blink_1/Release/arduino.ar(main.cpp.o)
 .comment       0x00000000       0x71 C:/Users/Emanuele/Documents/sloeber-workspace/Blink_1/Release/arduino.ar(startup.c.o)
 .comment       0x00000000       0x71 C:/Users/Emanuele/Documents/sloeber-workspace/Blink_1/Release/arduino.ar(wiring.c.o)
 .comment       0x00000000       0x71 C:/Users/Emanuele/Documents/sloeber-workspace/Blink_1/Release/arduino.ar(wiring_analog.c.o)
 .comment       0x00000000       0x71 C:/Users/Emanuele/Documents/sloeber-workspace/Blink_1/Release/arduino.ar(wiring_digital.c.o)
 .comment       0x00000000       0x71 C:/Users/Emanuele/Documents/sloeber-workspace/Blink_1/Release/arduino.ar(wiring_private.c.o)
 .comment       0x00000000       0x71 C:/Users/Emanuele/Documents/sloeber-workspace/Blink_1/Release/arduino.ar(variant.cpp.o)
 .comment       0x00000000       0x71 C:/Users/Emanuele/Documents/sloeber-workspace/Blink_1/Release/arduino.ar(USBCore.cpp.o)
 .comment       0x00000000       0x71 C:/Users/Emanuele/Documents/sloeber-workspace/Blink_1/Release/arduino.ar(Reset.cpp.o)
 .comment       0x00000000       0x71 C:/Users/Emanuele/Documents/sloeber-workspace/Blink_1/Release/arduino.ar(SERCOM.cpp.o)
 .comment       0x00000000       0x71 C:/Users/Emanuele/Documents/sloeber-workspace/Blink_1/Release/arduino.ar(Uart.cpp.o)
 .comment       0x00000000       0x71 C:/Users/Emanuele/Documents/sloeber-workspace/Blink_1/Release/arduino.ar(new.cpp.o)
 .comment       0x00000000       0x71 C:/Users/Emanuele/Documents/sloeber-workspace/Blink_1/Release/arduino.ar(CDC.cpp.o)
 .comment       0x00000000       0x71 C:/Users/Emanuele/Documents/sloeber-workspace/Blink_1/Release/arduino.ar(PluggableUSB.cpp.o)
 .comment       0x00000000       0x71 C:/Users/Emanuele/Documents/sloeber-workspace/Blink_1/Release/arduino.ar(Print.cpp.o)
 .comment       0x00000000       0x71 C:/Users/Emanuele/Documents/sloeber-workspace/Blink_1/Release/arduino.ar(RingBuffer.cpp.o)

.debug_info     0x00000000    0x271d9
 .debug_info    0x00000000      0x375 .\sloeber.ino.cpp.o
 .debug_info    0x00000375      0x4ec C:/Users/Emanuele/Documents/sloeber-workspace/Blink_1/Release/arduino.ar(cortex_handlers.c.o)
 .debug_info    0x00000861      0x378 C:/Users/Emanuele/Documents/sloeber-workspace/Blink_1/Release/arduino.ar(delay.c.o)
 .debug_info    0x00000bd9       0x60 C:/Users/Emanuele/Documents/sloeber-workspace/Blink_1/Release/arduino.ar(hooks.c.o)
 .debug_info    0x00000c39      0x7d8 C:/Users/Emanuele/Documents/sloeber-workspace/Blink_1/Release/arduino.ar(main.cpp.o)
 .debug_info    0x00001411     0x2915 C:/Users/Emanuele/Documents/sloeber-workspace/Blink_1/Release/arduino.ar(startup.c.o)
 .debug_info    0x00003d26     0x1df2 C:/Users/Emanuele/Documents/sloeber-workspace/Blink_1/Release/arduino.ar(wiring.c.o)
 .debug_info    0x00005b18     0x43b1 C:/Users/Emanuele/Documents/sloeber-workspace/Blink_1/Release/arduino.ar(wiring_analog.c.o)
 .debug_info    0x00009ec9      0xba5 C:/Users/Emanuele/Documents/sloeber-workspace/Blink_1/Release/arduino.ar(wiring_digital.c.o)
 .debug_info    0x0000aa6e      0xb8e C:/Users/Emanuele/Documents/sloeber-workspace/Blink_1/Release/arduino.ar(wiring_private.c.o)
 .debug_info    0x0000b5fc     0x54f9 C:/Users/Emanuele/Documents/sloeber-workspace/Blink_1/Release/arduino.ar(variant.cpp.o)
 .debug_info    0x00010af5     0x7bec C:/Users/Emanuele/Documents/sloeber-workspace/Blink_1/Release/arduino.ar(USBCore.cpp.o)
 .debug_info    0x000186e1      0x85c C:/Users/Emanuele/Documents/sloeber-workspace/Blink_1/Release/arduino.ar(Reset.cpp.o)
 .debug_info    0x00018f3d     0x3a1b C:/Users/Emanuele/Documents/sloeber-workspace/Blink_1/Release/arduino.ar(SERCOM.cpp.o)
 .debug_info    0x0001c958     0x485a C:/Users/Emanuele/Documents/sloeber-workspace/Blink_1/Release/arduino.ar(Uart.cpp.o)
 .debug_info    0x000211b2      0x1a1 C:/Users/Emanuele/Documents/sloeber-workspace/Blink_1/Release/arduino.ar(new.cpp.o)
 .debug_info    0x00021353     0x2c0b C:/Users/Emanuele/Documents/sloeber-workspace/Blink_1/Release/arduino.ar(CDC.cpp.o)
 .debug_info    0x00023f5e      0x6f0 C:/Users/Emanuele/Documents/sloeber-workspace/Blink_1/Release/arduino.ar(PluggableUSB.cpp.o)
 .debug_info    0x0002464e     0x2703 C:/Users/Emanuele/Documents/sloeber-workspace/Blink_1/Release/arduino.ar(Print.cpp.o)
 .debug_info    0x00026d51      0x488 C:/Users/Emanuele/Documents/sloeber-workspace/Blink_1/Release/arduino.ar(RingBuffer.cpp.o)

.debug_abbrev   0x00000000     0x39bf
 .debug_abbrev  0x00000000       0xde .\sloeber.ino.cpp.o
 .debug_abbrev  0x000000de      0x159 C:/Users/Emanuele/Documents/sloeber-workspace/Blink_1/Release/arduino.ar(cortex_handlers.c.o)
 .debug_abbrev  0x00000237      0x158 C:/Users/Emanuele/Documents/sloeber-workspace/Blink_1/Release/arduino.ar(delay.c.o)
 .debug_abbrev  0x0000038f       0x47 C:/Users/Emanuele/Documents/sloeber-workspace/Blink_1/Release/arduino.ar(hooks.c.o)
 .debug_abbrev  0x000003d6      0x216 C:/Users/Emanuele/Documents/sloeber-workspace/Blink_1/Release/arduino.ar(main.cpp.o)
 .debug_abbrev  0x000005ec      0x17a C:/Users/Emanuele/Documents/sloeber-workspace/Blink_1/Release/arduino.ar(startup.c.o)
 .debug_abbrev  0x00000766      0x281 C:/Users/Emanuele/Documents/sloeber-workspace/Blink_1/Release/arduino.ar(wiring.c.o)
 .debug_abbrev  0x000009e7      0x38f C:/Users/Emanuele/Documents/sloeber-workspace/Blink_1/Release/arduino.ar(wiring_analog.c.o)
 .debug_abbrev  0x00000d76      0x201 C:/Users/Emanuele/Documents/sloeber-workspace/Blink_1/Release/arduino.ar(wiring_digital.c.o)
 .debug_abbrev  0x00000f77      0x21b C:/Users/Emanuele/Documents/sloeber-workspace/Blink_1/Release/arduino.ar(wiring_private.c.o)
 .debug_abbrev  0x00001192      0x32b C:/Users/Emanuele/Documents/sloeber-workspace/Blink_1/Release/arduino.ar(variant.cpp.o)
 .debug_abbrev  0x000014bd      0x8aa C:/Users/Emanuele/Documents/sloeber-workspace/Blink_1/Release/arduino.ar(USBCore.cpp.o)
 .debug_abbrev  0x00001d67      0x264 C:/Users/Emanuele/Documents/sloeber-workspace/Blink_1/Release/arduino.ar(Reset.cpp.o)
 .debug_abbrev  0x00001fcb      0x48d C:/Users/Emanuele/Documents/sloeber-workspace/Blink_1/Release/arduino.ar(SERCOM.cpp.o)
 .debug_abbrev  0x00002458      0x500 C:/Users/Emanuele/Documents/sloeber-workspace/Blink_1/Release/arduino.ar(Uart.cpp.o)
 .debug_abbrev  0x00002958       0xd7 C:/Users/Emanuele/Documents/sloeber-workspace/Blink_1/Release/arduino.ar(new.cpp.o)
 .debug_abbrev  0x00002a2f      0x61c C:/Users/Emanuele/Documents/sloeber-workspace/Blink_1/Release/arduino.ar(CDC.cpp.o)
 .debug_abbrev  0x0000304b      0x2f1 C:/Users/Emanuele/Documents/sloeber-workspace/Blink_1/Release/arduino.ar(PluggableUSB.cpp.o)
 .debug_abbrev  0x0000333c      0x476 C:/Users/Emanuele/Documents/sloeber-workspace/Blink_1/Release/arduino.ar(Print.cpp.o)
 .debug_abbrev  0x000037b2      0x20d C:/Users/Emanuele/Documents/sloeber-workspace/Blink_1/Release/arduino.ar(RingBuffer.cpp.o)

.debug_aranges  0x00000000      0x8a0
 .debug_aranges
                0x00000000       0x28 .\sloeber.ino.cpp.o
 .debug_aranges
                0x00000028       0x40 C:/Users/Emanuele/Documents/sloeber-workspace/Blink_1/Release/arduino.ar(cortex_handlers.c.o)
 .debug_aranges
                0x00000068       0x38 C:/Users/Emanuele/Documents/sloeber-workspace/Blink_1/Release/arduino.ar(delay.c.o)
 .debug_aranges
                0x000000a0       0x30 C:/Users/Emanuele/Documents/sloeber-workspace/Blink_1/Release/arduino.ar(hooks.c.o)
 .debug_aranges
                0x000000d0       0x28 C:/Users/Emanuele/Documents/sloeber-workspace/Blink_1/Release/arduino.ar(main.cpp.o)
 .debug_aranges
                0x000000f8       0x20 C:/Users/Emanuele/Documents/sloeber-workspace/Blink_1/Release/arduino.ar(startup.c.o)
 .debug_aranges
                0x00000118       0x20 C:/Users/Emanuele/Documents/sloeber-workspace/Blink_1/Release/arduino.ar(wiring.c.o)
 .debug_aranges
                0x00000138       0x48 C:/Users/Emanuele/Documents/sloeber-workspace/Blink_1/Release/arduino.ar(wiring_analog.c.o)
 .debug_aranges
                0x00000180       0x30 C:/Users/Emanuele/Documents/sloeber-workspace/Blink_1/Release/arduino.ar(wiring_digital.c.o)
 .debug_aranges
                0x000001b0       0x20 C:/Users/Emanuele/Documents/sloeber-workspace/Blink_1/Release/arduino.ar(wiring_private.c.o)
 .debug_aranges
                0x000001d0       0x30 C:/Users/Emanuele/Documents/sloeber-workspace/Blink_1/Release/arduino.ar(variant.cpp.o)
 .debug_aranges
                0x00000200      0x168 C:/Users/Emanuele/Documents/sloeber-workspace/Blink_1/Release/arduino.ar(USBCore.cpp.o)
 .debug_aranges
                0x00000368       0x30 C:/Users/Emanuele/Documents/sloeber-workspace/Blink_1/Release/arduino.ar(Reset.cpp.o)
 .debug_aranges
                0x00000398      0x1c8 C:/Users/Emanuele/Documents/sloeber-workspace/Blink_1/Release/arduino.ar(SERCOM.cpp.o)
 .debug_aranges
                0x00000560       0x90 C:/Users/Emanuele/Documents/sloeber-workspace/Blink_1/Release/arduino.ar(Uart.cpp.o)
 .debug_aranges
                0x000005f0       0x38 C:/Users/Emanuele/Documents/sloeber-workspace/Blink_1/Release/arduino.ar(new.cpp.o)
 .debug_aranges
                0x00000628       0xd8 C:/Users/Emanuele/Documents/sloeber-workspace/Blink_1/Release/arduino.ar(CDC.cpp.o)
 .debug_aranges
                0x00000700       0x50 C:/Users/Emanuele/Documents/sloeber-workspace/Blink_1/Release/arduino.ar(PluggableUSB.cpp.o)
 .debug_aranges
                0x00000750       0xf8 C:/Users/Emanuele/Documents/sloeber-workspace/Blink_1/Release/arduino.ar(Print.cpp.o)
 .debug_aranges
                0x00000848       0x58 C:/Users/Emanuele/Documents/sloeber-workspace/Blink_1/Release/arduino.ar(RingBuffer.cpp.o)

.debug_ranges   0x00000000     0x11b0
 .debug_ranges  0x00000000       0x18 .\sloeber.ino.cpp.o
 .debug_ranges  0x00000018       0x30 C:/Users/Emanuele/Documents/sloeber-workspace/Blink_1/Release/arduino.ar(cortex_handlers.c.o)
 .debug_ranges  0x00000048       0x28 C:/Users/Emanuele/Documents/sloeber-workspace/Blink_1/Release/arduino.ar(delay.c.o)
 .debug_ranges  0x00000070       0x20 C:/Users/Emanuele/Documents/sloeber-workspace/Blink_1/Release/arduino.ar(hooks.c.o)
 .debug_ranges  0x00000090       0x18 C:/Users/Emanuele/Documents/sloeber-workspace/Blink_1/Release/arduino.ar(main.cpp.o)
 .debug_ranges  0x000000a8       0x10 C:/Users/Emanuele/Documents/sloeber-workspace/Blink_1/Release/arduino.ar(startup.c.o)
 .debug_ranges  0x000000b8       0x28 C:/Users/Emanuele/Documents/sloeber-workspace/Blink_1/Release/arduino.ar(wiring.c.o)
 .debug_ranges  0x000000e0       0x38 C:/Users/Emanuele/Documents/sloeber-workspace/Blink_1/Release/arduino.ar(wiring_analog.c.o)
 .debug_ranges  0x00000118       0x20 C:/Users/Emanuele/Documents/sloeber-workspace/Blink_1/Release/arduino.ar(wiring_digital.c.o)
 .debug_ranges  0x00000138       0x28 C:/Users/Emanuele/Documents/sloeber-workspace/Blink_1/Release/arduino.ar(wiring_private.c.o)
 .debug_ranges  0x00000160       0x20 C:/Users/Emanuele/Documents/sloeber-workspace/Blink_1/Release/arduino.ar(variant.cpp.o)
 .debug_ranges  0x00000180      0x7e0 C:/Users/Emanuele/Documents/sloeber-workspace/Blink_1/Release/arduino.ar(USBCore.cpp.o)
 .debug_ranges  0x00000960       0x38 C:/Users/Emanuele/Documents/sloeber-workspace/Blink_1/Release/arduino.ar(Reset.cpp.o)
 .debug_ranges  0x00000998      0x288 C:/Users/Emanuele/Documents/sloeber-workspace/Blink_1/Release/arduino.ar(SERCOM.cpp.o)
 .debug_ranges  0x00000c20       0x80 C:/Users/Emanuele/Documents/sloeber-workspace/Blink_1/Release/arduino.ar(Uart.cpp.o)
 .debug_ranges  0x00000ca0       0x28 C:/Users/Emanuele/Documents/sloeber-workspace/Blink_1/Release/arduino.ar(new.cpp.o)
 .debug_ranges  0x00000cc8      0x120 C:/Users/Emanuele/Documents/sloeber-workspace/Blink_1/Release/arduino.ar(CDC.cpp.o)
 .debug_ranges  0x00000de8       0xd0 C:/Users/Emanuele/Documents/sloeber-workspace/Blink_1/Release/arduino.ar(PluggableUSB.cpp.o)
 .debug_ranges  0x00000eb8      0x280 C:/Users/Emanuele/Documents/sloeber-workspace/Blink_1/Release/arduino.ar(Print.cpp.o)
 .debug_ranges  0x00001138       0x78 C:/Users/Emanuele/Documents/sloeber-workspace/Blink_1/Release/arduino.ar(RingBuffer.cpp.o)

.debug_line     0x00000000     0x587e
 .debug_line    0x00000000      0x261 .\sloeber.ino.cpp.o
 .debug_line    0x00000261      0x31f C:/Users/Emanuele/Documents/sloeber-workspace/Blink_1/Release/arduino.ar(cortex_handlers.c.o)
 .debug_line    0x00000580      0x316 C:/Users/Emanuele/Documents/sloeber-workspace/Blink_1/Release/arduino.ar(delay.c.o)
 .debug_line    0x00000896       0xb3 C:/Users/Emanuele/Documents/sloeber-workspace/Blink_1/Release/arduino.ar(hooks.c.o)
 .debug_line    0x00000949      0x2e0 C:/Users/Emanuele/Documents/sloeber-workspace/Blink_1/Release/arduino.ar(main.cpp.o)
 .debug_line    0x00000c29      0x3e5 C:/Users/Emanuele/Documents/sloeber-workspace/Blink_1/Release/arduino.ar(startup.c.o)
 .debug_line    0x0000100e      0x424 C:/Users/Emanuele/Documents/sloeber-workspace/Blink_1/Release/arduino.ar(wiring.c.o)
 .debug_line    0x00001432      0x524 C:/Users/Emanuele/Documents/sloeber-workspace/Blink_1/Release/arduino.ar(wiring_analog.c.o)
 .debug_line    0x00001956      0x37c C:/Users/Emanuele/Documents/sloeber-workspace/Blink_1/Release/arduino.ar(wiring_digital.c.o)
 .debug_line    0x00001cd2      0x37f C:/Users/Emanuele/Documents/sloeber-workspace/Blink_1/Release/arduino.ar(wiring_private.c.o)
 .debug_line    0x00002051      0x312 C:/Users/Emanuele/Documents/sloeber-workspace/Blink_1/Release/arduino.ar(variant.cpp.o)
 .debug_line    0x00002363      0xece C:/Users/Emanuele/Documents/sloeber-workspace/Blink_1/Release/arduino.ar(USBCore.cpp.o)
 .debug_line    0x00003231      0x388 C:/Users/Emanuele/Documents/sloeber-workspace/Blink_1/Release/arduino.ar(Reset.cpp.o)
 .debug_line    0x000035b9      0x974 C:/Users/Emanuele/Documents/sloeber-workspace/Blink_1/Release/arduino.ar(SERCOM.cpp.o)
 .debug_line    0x00003f2d      0x56c C:/Users/Emanuele/Documents/sloeber-workspace/Blink_1/Release/arduino.ar(Uart.cpp.o)
 .debug_line    0x00004499      0x1d4 C:/Users/Emanuele/Documents/sloeber-workspace/Blink_1/Release/arduino.ar(new.cpp.o)
 .debug_line    0x0000466d      0x638 C:/Users/Emanuele/Documents/sloeber-workspace/Blink_1/Release/arduino.ar(CDC.cpp.o)
 .debug_line    0x00004ca5      0x30f C:/Users/Emanuele/Documents/sloeber-workspace/Blink_1/Release/arduino.ar(PluggableUSB.cpp.o)
 .debug_line    0x00004fb4      0x667 C:/Users/Emanuele/Documents/sloeber-workspace/Blink_1/Release/arduino.ar(Print.cpp.o)
 .debug_line    0x0000561b      0x263 C:/Users/Emanuele/Documents/sloeber-workspace/Blink_1/Release/arduino.ar(RingBuffer.cpp.o)

.debug_str      0x00000000     0x85e1
 .debug_str     0x00000000      0x23e .\sloeber.ino.cpp.o
                                0x294 (size before relaxing)
 .debug_str     0x0000023e      0x4c2 C:/Users/Emanuele/Documents/sloeber-workspace/Blink_1/Release/arduino.ar(cortex_handlers.c.o)
                                0x613 (size before relaxing)
 .debug_str     0x00000700       0xf8 C:/Users/Emanuele/Documents/sloeber-workspace/Blink_1/Release/arduino.ar(delay.c.o)
                                0x2c8 (size before relaxing)
 .debug_str     0x000007f8       0x7b C:/Users/Emanuele/Documents/sloeber-workspace/Blink_1/Release/arduino.ar(hooks.c.o)
                                0x13a (size before relaxing)
 .debug_str     0x00000873      0x6ee C:/Users/Emanuele/Documents/sloeber-workspace/Blink_1/Release/arduino.ar(main.cpp.o)
                                0x98b (size before relaxing)
 .debug_str     0x00000f61      0x91c C:/Users/Emanuele/Documents/sloeber-workspace/Blink_1/Release/arduino.ar(startup.c.o)
                                0xd60 (size before relaxing)
 .debug_str     0x0000187d      0x377 C:/Users/Emanuele/Documents/sloeber-workspace/Blink_1/Release/arduino.ar(wiring.c.o)
                                0xbeb (size before relaxing)
 .debug_str     0x00001bf4      0xb8d C:/Users/Emanuele/Documents/sloeber-workspace/Blink_1/Release/arduino.ar(wiring_analog.c.o)
                               0x15fb (size before relaxing)
 .debug_str     0x00002781      0x113 C:/Users/Emanuele/Documents/sloeber-workspace/Blink_1/Release/arduino.ar(wiring_digital.c.o)
                                0x976 (size before relaxing)
 .debug_str     0x00002894       0x7f C:/Users/Emanuele/Documents/sloeber-workspace/Blink_1/Release/arduino.ar(wiring_private.c.o)
                                0x9a1 (size before relaxing)
 .debug_str     0x00002913     0x1895 C:/Users/Emanuele/Documents/sloeber-workspace/Blink_1/Release/arduino.ar(variant.cpp.o)
                               0x2ec6 (size before relaxing)
 .debug_str     0x000041a8     0x25e2 C:/Users/Emanuele/Documents/sloeber-workspace/Blink_1/Release/arduino.ar(USBCore.cpp.o)
                               0x3b84 (size before relaxing)
 .debug_str     0x0000678a      0x19c C:/Users/Emanuele/Documents/sloeber-workspace/Blink_1/Release/arduino.ar(Reset.cpp.o)
                                0x5e8 (size before relaxing)
 .debug_str     0x00006926      0x1bf C:/Users/Emanuele/Documents/sloeber-workspace/Blink_1/Release/arduino.ar(SERCOM.cpp.o)
                               0x2216 (size before relaxing)
 .debug_str     0x00006ae5     0x1014 C:/Users/Emanuele/Documents/sloeber-workspace/Blink_1/Release/arduino.ar(Uart.cpp.o)
                               0x3372 (size before relaxing)
 .debug_str     0x00007af9       0xb0 C:/Users/Emanuele/Documents/sloeber-workspace/Blink_1/Release/arduino.ar(new.cpp.o)
                                0x27b (size before relaxing)
 .debug_str     0x00007ba9      0x55f C:/Users/Emanuele/Documents/sloeber-workspace/Blink_1/Release/arduino.ar(CDC.cpp.o)
                               0x1e68 (size before relaxing)
 .debug_str     0x00008108       0x98 C:/Users/Emanuele/Documents/sloeber-workspace/Blink_1/Release/arduino.ar(PluggableUSB.cpp.o)
                                0x602 (size before relaxing)
 .debug_str     0x000081a0      0x3c2 C:/Users/Emanuele/Documents/sloeber-workspace/Blink_1/Release/arduino.ar(Print.cpp.o)
                                0xfe8 (size before relaxing)
 .debug_str     0x00008562       0x7f C:/Users/Emanuele/Documents/sloeber-workspace/Blink_1/Release/arduino.ar(RingBuffer.cpp.o)
                                0x386 (size before relaxing)

.debug_frame    0x00000000     0x163c
 .debug_frame   0x00000000       0x40 .\sloeber.ino.cpp.o
 .debug_frame   0x00000040       0x7c C:/Users/Emanuele/Documents/sloeber-workspace/Blink_1/Release/arduino.ar(cortex_handlers.c.o)
 .debug_frame   0x000000bc       0x78 C:/Users/Emanuele/Documents/sloeber-workspace/Blink_1/Release/arduino.ar(delay.c.o)
 .debug_frame   0x00000134       0x40 C:/Users/Emanuele/Documents/sloeber-workspace/Blink_1/Release/arduino.ar(hooks.c.o)
 .debug_frame   0x00000174       0x38 C:/Users/Emanuele/Documents/sloeber-workspace/Blink_1/Release/arduino.ar(main.cpp.o)
 .debug_frame   0x000001ac       0x2c C:/Users/Emanuele/Documents/sloeber-workspace/Blink_1/Release/arduino.ar(startup.c.o)
 .debug_frame   0x000001d8       0x28 C:/Users/Emanuele/Documents/sloeber-workspace/Blink_1/Release/arduino.ar(wiring.c.o)
 .debug_frame   0x00000200       0x90 C:/Users/Emanuele/Documents/sloeber-workspace/Blink_1/Release/arduino.ar(wiring_analog.c.o)
 .debug_frame   0x00000290       0x58 C:/Users/Emanuele/Documents/sloeber-workspace/Blink_1/Release/arduino.ar(wiring_digital.c.o)
 .debug_frame   0x000002e8       0x30 C:/Users/Emanuele/Documents/sloeber-workspace/Blink_1/Release/arduino.ar(wiring_private.c.o)
 .debug_frame   0x00000318       0x64 C:/Users/Emanuele/Documents/sloeber-workspace/Blink_1/Release/arduino.ar(variant.cpp.o)
 .debug_frame   0x0000037c      0x43c C:/Users/Emanuele/Documents/sloeber-workspace/Blink_1/Release/arduino.ar(USBCore.cpp.o)
 .debug_frame   0x000007b8       0x40 C:/Users/Emanuele/Documents/sloeber-workspace/Blink_1/Release/arduino.ar(Reset.cpp.o)
 .debug_frame   0x000007f8      0x428 C:/Users/Emanuele/Documents/sloeber-workspace/Blink_1/Release/arduino.ar(SERCOM.cpp.o)
 .debug_frame   0x00000c20      0x16c C:/Users/Emanuele/Documents/sloeber-workspace/Blink_1/Release/arduino.ar(Uart.cpp.o)
 .debug_frame   0x00000d8c       0x70 C:/Users/Emanuele/Documents/sloeber-workspace/Blink_1/Release/arduino.ar(new.cpp.o)
 .debug_frame   0x00000dfc      0x1f4 C:/Users/Emanuele/Documents/sloeber-workspace/Blink_1/Release/arduino.ar(CDC.cpp.o)
 .debug_frame   0x00000ff0       0xc4 C:/Users/Emanuele/Documents/sloeber-workspace/Blink_1/Release/arduino.ar(PluggableUSB.cpp.o)
 .debug_frame   0x000010b4      0x310 C:/Users/Emanuele/Documents/sloeber-workspace/Blink_1/Release/arduino.ar(Print.cpp.o)
 .debug_frame   0x000013c4       0xc4 C:/Users/Emanuele/Documents/sloeber-workspace/Blink_1/Release/arduino.ar(RingBuffer.cpp.o)
 .debug_frame   0x00001488       0x20 c:/program files/sloeber/arduinoplugin/packages/arduino/tools/arm-none-eabi-gcc/4.8.3-2014q1/bin/../lib/gcc/arm-none-eabi/4.8.3/armv6-m\libgcc.a(_udivsi3.o)
 .debug_frame   0x000014a8       0x2c c:/program files/sloeber/arduinoplugin/packages/arduino/tools/arm-none-eabi-gcc/4.8.3-2014q1/bin/../lib/gcc/arm-none-eabi/4.8.3/../../../../arm-none-eabi/lib/armv6-m\libc_s.a(lib_a-init.o)
 .debug_frame   0x000014d4       0x40 c:/program files/sloeber/arduinoplugin/packages/arduino/tools/arm-none-eabi-gcc/4.8.3-2014q1/bin/../lib/gcc/arm-none-eabi/4.8.3/../../../../arm-none-eabi/lib/armv6-m\libc_s.a(lib_a-malloc.o)
 .debug_frame   0x00001514       0x28 c:/program files/sloeber/arduinoplugin/packages/arduino/tools/arm-none-eabi-gcc/4.8.3-2014q1/bin/../lib/gcc/arm-none-eabi/4.8.3/../../../../arm-none-eabi/lib/armv6-m\libc_s.a(lib_a-memcpy-stub.o)
 .debug_frame   0x0000153c       0x20 c:/program files/sloeber/arduinoplugin/packages/arduino/tools/arm-none-eabi-gcc/4.8.3-2014q1/bin/../lib/gcc/arm-none-eabi/4.8.3/../../../../arm-none-eabi/lib/armv6-m\libc_s.a(lib_a-memset.o)
 .debug_frame   0x0000155c       0x2c c:/program files/sloeber/arduinoplugin/packages/arduino/tools/arm-none-eabi-gcc/4.8.3-2014q1/bin/../lib/gcc/arm-none-eabi/4.8.3/../../../../arm-none-eabi/lib/armv6-m\libc_s.a(lib_a-nano-mallocr.o)
 .debug_frame   0x00001588       0x2c c:/program files/sloeber/arduinoplugin/packages/arduino/tools/arm-none-eabi-gcc/4.8.3-2014q1/bin/../lib/gcc/arm-none-eabi/4.8.3/../../../../arm-none-eabi/lib/armv6-m\libc_s.a(lib_a-sbrkr.o)
 .debug_frame   0x000015b4       0x20 c:/program files/sloeber/arduinoplugin/packages/arduino/tools/arm-none-eabi-gcc/4.8.3-2014q1/bin/../lib/gcc/arm-none-eabi/4.8.3/../../../../arm-none-eabi/lib/armv6-m\libc_s.a(lib_a-strlen.o)
 .debug_frame   0x000015d4       0x48 c:/program files/sloeber/arduinoplugin/packages/arduino/tools/arm-none-eabi-gcc/4.8.3-2014q1/bin/../lib/gcc/arm-none-eabi/4.8.3/../../../../arm-none-eabi/lib/armv6-m\libc_s.a(lib_a-reent.o)
 .debug_frame   0x0000161c       0x20 c:/program files/sloeber/arduinoplugin/packages/arduino/tools/arm-none-eabi-gcc/4.8.3-2014q1/bin/../lib/gcc/arm-none-eabi/4.8.3/../../../../arm-none-eabi/lib/armv6-m\libnosys.a(sbrk.o)

.debug_loc      0x00000000     0x5a6b
 .debug_loc     0x00000000       0x7b C:/Users/Emanuele/Documents/sloeber-workspace/Blink_1/Release/arduino.ar(cortex_handlers.c.o)
 .debug_loc     0x0000007b       0xf4 C:/Users/Emanuele/Documents/sloeber-workspace/Blink_1/Release/arduino.ar(delay.c.o)
 .debug_loc     0x0000016f       0x58 C:/Users/Emanuele/Documents/sloeber-workspace/Blink_1/Release/arduino.ar(startup.c.o)
 .debug_loc     0x000001c7       0xe9 C:/Users/Emanuele/Documents/sloeber-workspace/Blink_1/Release/arduino.ar(wiring.c.o)
 .debug_loc     0x000002b0      0x64b C:/Users/Emanuele/Documents/sloeber-workspace/Blink_1/Release/arduino.ar(wiring_analog.c.o)
 .debug_loc     0x000008fb      0x19f C:/Users/Emanuele/Documents/sloeber-workspace/Blink_1/Release/arduino.ar(wiring_digital.c.o)
 .debug_loc     0x00000a9a      0x123 C:/Users/Emanuele/Documents/sloeber-workspace/Blink_1/Release/arduino.ar(wiring_private.c.o)
 .debug_loc     0x00000bbd     0x2399 C:/Users/Emanuele/Documents/sloeber-workspace/Blink_1/Release/arduino.ar(USBCore.cpp.o)
 .debug_loc     0x00002f56      0xa76 C:/Users/Emanuele/Documents/sloeber-workspace/Blink_1/Release/arduino.ar(SERCOM.cpp.o)
 .debug_loc     0x000039cc      0x42a C:/Users/Emanuele/Documents/sloeber-workspace/Blink_1/Release/arduino.ar(Uart.cpp.o)
 .debug_loc     0x00003df6       0x84 C:/Users/Emanuele/Documents/sloeber-workspace/Blink_1/Release/arduino.ar(new.cpp.o)
 .debug_loc     0x00003e7a      0x544 C:/Users/Emanuele/Documents/sloeber-workspace/Blink_1/Release/arduino.ar(CDC.cpp.o)
 .debug_loc     0x000043be      0x258 C:/Users/Emanuele/Documents/sloeber-workspace/Blink_1/Release/arduino.ar(PluggableUSB.cpp.o)
 .debug_loc     0x00004616     0x115f C:/Users/Emanuele/Documents/sloeber-workspace/Blink_1/Release/arduino.ar(Print.cpp.o)
 .debug_loc     0x00005775      0x2f6 C:/Users/Emanuele/Documents/sloeber-workspace/Blink_1/Release/arduino.ar(RingBuffer.cpp.o)

Cross Reference Table

Symbol                                            File
AC_Handler                                        C:/Users/Emanuele/Documents/sloeber-workspace/Blink_1/Release/arduino.ar(cortex_handlers.c.o)
ADC_Handler                                       C:/Users/Emanuele/Documents/sloeber-workspace/Blink_1/Release/arduino.ar(cortex_handlers.c.o)
CDC_GetInterface(unsigned char*)                  C:/Users/Emanuele/Documents/sloeber-workspace/Blink_1/Release/arduino.ar(CDC.cpp.o)
                                                  C:/Users/Emanuele/Documents/sloeber-workspace/Blink_1/Release/arduino.ar(USBCore.cpp.o)
CDC_Setup(USBSetup&)                              C:/Users/Emanuele/Documents/sloeber-workspace/Blink_1/Release/arduino.ar(CDC.cpp.o)
                                                  C:/Users/Emanuele/Documents/sloeber-workspace/Blink_1/Release/arduino.ar(USBCore.cpp.o)
DAC_Handler                                       C:/Users/Emanuele/Documents/sloeber-workspace/Blink_1/Release/arduino.ar(cortex_handlers.c.o)
DMAC_Handler                                      C:/Users/Emanuele/Documents/sloeber-workspace/Blink_1/Release/arduino.ar(cortex_handlers.c.o)
DoubleBufferedEPOutHandler::available() const     C:/Users/Emanuele/Documents/sloeber-workspace/Blink_1/Release/arduino.ar(USBCore.cpp.o)
DoubleBufferedEPOutHandler::handleEndpoint()      C:/Users/Emanuele/Documents/sloeber-workspace/Blink_1/Release/arduino.ar(USBCore.cpp.o)
DoubleBufferedEPOutHandler::recv(void*, unsigned long) C:/Users/Emanuele/Documents/sloeber-workspace/Blink_1/Release/arduino.ar(USBCore.cpp.o)
DoubleBufferedEPOutHandler::release()             C:/Users/Emanuele/Documents/sloeber-workspace/Blink_1/Release/arduino.ar(USBCore.cpp.o)
Dummy_Handler                                     C:/Users/Emanuele/Documents/sloeber-workspace/Blink_1/Release/arduino.ar(cortex_handlers.c.o)
EIC_Handler                                       C:/Users/Emanuele/Documents/sloeber-workspace/Blink_1/Release/arduino.ar(cortex_handlers.c.o)
EVSYS_Handler                                     C:/Users/Emanuele/Documents/sloeber-workspace/Blink_1/Release/arduino.ar(cortex_handlers.c.o)
EndPoints                                         C:/Users/Emanuele/Documents/sloeber-workspace/Blink_1/Release/arduino.ar(USBCore.cpp.o)
                                                  C:/Users/Emanuele/Documents/sloeber-workspace/Blink_1/Release/arduino.ar(PluggableUSB.cpp.o)
HardFault_Handler                                 C:/Users/Emanuele/Documents/sloeber-workspace/Blink_1/Release/arduino.ar(cortex_handlers.c.o)
I2S_Handler                                       C:/Users/Emanuele/Documents/sloeber-workspace/Blink_1/Release/arduino.ar(cortex_handlers.c.o)
NMI_Handler                                       C:/Users/Emanuele/Documents/sloeber-workspace/Blink_1/Release/arduino.ar(cortex_handlers.c.o)
NVMCTRL_Handler                                   C:/Users/Emanuele/Documents/sloeber-workspace/Blink_1/Release/arduino.ar(cortex_handlers.c.o)
PM_Handler                                        C:/Users/Emanuele/Documents/sloeber-workspace/Blink_1/Release/arduino.ar(cortex_handlers.c.o)
PTC_Handler                                       C:/Users/Emanuele/Documents/sloeber-workspace/Blink_1/Release/arduino.ar(cortex_handlers.c.o)
PendSV_Handler                                    C:/Users/Emanuele/Documents/sloeber-workspace/Blink_1/Release/arduino.ar(cortex_handlers.c.o)
PluggableUSB()                                    C:/Users/Emanuele/Documents/sloeber-workspace/Blink_1/Release/arduino.ar(PluggableUSB.cpp.o)
                                                  C:/Users/Emanuele/Documents/sloeber-workspace/Blink_1/Release/arduino.ar(USBCore.cpp.o)
PluggableUSB_::PluggableUSB_()                    C:/Users/Emanuele/Documents/sloeber-workspace/Blink_1/Release/arduino.ar(PluggableUSB.cpp.o)
PluggableUSB_::PluggableUSB_()                    C:/Users/Emanuele/Documents/sloeber-workspace/Blink_1/Release/arduino.ar(PluggableUSB.cpp.o)
PluggableUSB_::getDescriptor(USBSetup&)           C:/Users/Emanuele/Documents/sloeber-workspace/Blink_1/Release/arduino.ar(PluggableUSB.cpp.o)
                                                  C:/Users/Emanuele/Documents/sloeber-workspace/Blink_1/Release/arduino.ar(USBCore.cpp.o)
PluggableUSB_::getInterface(unsigned char*)       C:/Users/Emanuele/Documents/sloeber-workspace/Blink_1/Release/arduino.ar(PluggableUSB.cpp.o)
                                                  C:/Users/Emanuele/Documents/sloeber-workspace/Blink_1/Release/arduino.ar(USBCore.cpp.o)
PluggableUSB_::getShortName(char*)                C:/Users/Emanuele/Documents/sloeber-workspace/Blink_1/Release/arduino.ar(PluggableUSB.cpp.o)
                                                  C:/Users/Emanuele/Documents/sloeber-workspace/Blink_1/Release/arduino.ar(USBCore.cpp.o)
PluggableUSB_::plug(PluggableUSBModule*)          C:/Users/Emanuele/Documents/sloeber-workspace/Blink_1/Release/arduino.ar(PluggableUSB.cpp.o)
PluggableUSB_::setup(USBSetup&)                   C:/Users/Emanuele/Documents/sloeber-workspace/Blink_1/Release/arduino.ar(PluggableUSB.cpp.o)
                                                  C:/Users/Emanuele/Documents/sloeber-workspace/Blink_1/Release/arduino.ar(USBCore.cpp.o)
Print::print(Printable const&)                    C:/Users/Emanuele/Documents/sloeber-workspace/Blink_1/Release/arduino.ar(Print.cpp.o)
Print::print(String const&)                       C:/Users/Emanuele/Documents/sloeber-workspace/Blink_1/Release/arduino.ar(Print.cpp.o)
Print::print(__FlashStringHelper const*)          C:/Users/Emanuele/Documents/sloeber-workspace/Blink_1/Release/arduino.ar(Print.cpp.o)
Print::print(char const*)                         C:/Users/Emanuele/Documents/sloeber-workspace/Blink_1/Release/arduino.ar(Print.cpp.o)
Print::print(char)                                C:/Users/Emanuele/Documents/sloeber-workspace/Blink_1/Release/arduino.ar(Print.cpp.o)
Print::print(double, int)                         C:/Users/Emanuele/Documents/sloeber-workspace/Blink_1/Release/arduino.ar(Print.cpp.o)
Print::print(int, int)                            C:/Users/Emanuele/Documents/sloeber-workspace/Blink_1/Release/arduino.ar(Print.cpp.o)
Print::print(long, int)                           C:/Users/Emanuele/Documents/sloeber-workspace/Blink_1/Release/arduino.ar(Print.cpp.o)
Print::print(unsigned char, int)                  C:/Users/Emanuele/Documents/sloeber-workspace/Blink_1/Release/arduino.ar(Print.cpp.o)
Print::print(unsigned int, int)                   C:/Users/Emanuele/Documents/sloeber-workspace/Blink_1/Release/arduino.ar(Print.cpp.o)
Print::print(unsigned long, int)                  C:/Users/Emanuele/Documents/sloeber-workspace/Blink_1/Release/arduino.ar(Print.cpp.o)
Print::printFloat(double, unsigned char)          C:/Users/Emanuele/Documents/sloeber-workspace/Blink_1/Release/arduino.ar(Print.cpp.o)
Print::printNumber(unsigned long, unsigned char)  C:/Users/Emanuele/Documents/sloeber-workspace/Blink_1/Release/arduino.ar(Print.cpp.o)
Print::println()                                  C:/Users/Emanuele/Documents/sloeber-workspace/Blink_1/Release/arduino.ar(Print.cpp.o)
Print::println(Printable const&)                  C:/Users/Emanuele/Documents/sloeber-workspace/Blink_1/Release/arduino.ar(Print.cpp.o)
Print::println(String const&)                     C:/Users/Emanuele/Documents/sloeber-workspace/Blink_1/Release/arduino.ar(Print.cpp.o)
Print::println(__FlashStringHelper const*)        C:/Users/Emanuele/Documents/sloeber-workspace/Blink_1/Release/arduino.ar(Print.cpp.o)
Print::println(char const*)                       C:/Users/Emanuele/Documents/sloeber-workspace/Blink_1/Release/arduino.ar(Print.cpp.o)
Print::println(char)                              C:/Users/Emanuele/Documents/sloeber-workspace/Blink_1/Release/arduino.ar(Print.cpp.o)
Print::println(double, int)                       C:/Users/Emanuele/Documents/sloeber-workspace/Blink_1/Release/arduino.ar(Print.cpp.o)
Print::println(int, int)                          C:/Users/Emanuele/Documents/sloeber-workspace/Blink_1/Release/arduino.ar(Print.cpp.o)
Print::println(long, int)                         C:/Users/Emanuele/Documents/sloeber-workspace/Blink_1/Release/arduino.ar(Print.cpp.o)
Print::println(unsigned char, int)                C:/Users/Emanuele/Documents/sloeber-workspace/Blink_1/Release/arduino.ar(Print.cpp.o)
Print::println(unsigned int, int)                 C:/Users/Emanuele/Documents/sloeber-workspace/Blink_1/Release/arduino.ar(Print.cpp.o)
Print::println(unsigned long, int)                C:/Users/Emanuele/Documents/sloeber-workspace/Blink_1/Release/arduino.ar(Print.cpp.o)
Print::write(char const*)                         C:/Users/Emanuele/Documents/sloeber-workspace/Blink_1/Release/arduino.ar(Print.cpp.o)
Print::write(unsigned char const*, unsigned int)  C:/Users/Emanuele/Documents/sloeber-workspace/Blink_1/Release/arduino.ar(Print.cpp.o)
                                                  C:/Users/Emanuele/Documents/sloeber-workspace/Blink_1/Release/arduino.ar(Uart.cpp.o)
RTC_Handler                                       C:/Users/Emanuele/Documents/sloeber-workspace/Blink_1/Release/arduino.ar(cortex_handlers.c.o)
Reset_Handler                                     C:/Users/Emanuele/Documents/sloeber-workspace/Blink_1/Release/arduino.ar(cortex_handlers.c.o)
RingBuffer::RingBuffer()                          C:/Users/Emanuele/Documents/sloeber-workspace/Blink_1/Release/arduino.ar(RingBuffer.cpp.o)
RingBuffer::RingBuffer()                          C:/Users/Emanuele/Documents/sloeber-workspace/Blink_1/Release/arduino.ar(RingBuffer.cpp.o)
                                                  C:/Users/Emanuele/Documents/sloeber-workspace/Blink_1/Release/arduino.ar(Uart.cpp.o)
RingBuffer::available()                           C:/Users/Emanuele/Documents/sloeber-workspace/Blink_1/Release/arduino.ar(RingBuffer.cpp.o)
                                                  C:/Users/Emanuele/Documents/sloeber-workspace/Blink_1/Release/arduino.ar(Uart.cpp.o)
RingBuffer::clear()                               C:/Users/Emanuele/Documents/sloeber-workspace/Blink_1/Release/arduino.ar(RingBuffer.cpp.o)
                                                  C:/Users/Emanuele/Documents/sloeber-workspace/Blink_1/Release/arduino.ar(Uart.cpp.o)
RingBuffer::isFull()                              C:/Users/Emanuele/Documents/sloeber-workspace/Blink_1/Release/arduino.ar(RingBuffer.cpp.o)
RingBuffer::nextIndex(int)                        C:/Users/Emanuele/Documents/sloeber-workspace/Blink_1/Release/arduino.ar(RingBuffer.cpp.o)
RingBuffer::peek()                                C:/Users/Emanuele/Documents/sloeber-workspace/Blink_1/Release/arduino.ar(RingBuffer.cpp.o)
                                                  C:/Users/Emanuele/Documents/sloeber-workspace/Blink_1/Release/arduino.ar(Uart.cpp.o)
RingBuffer::read_char()                           C:/Users/Emanuele/Documents/sloeber-workspace/Blink_1/Release/arduino.ar(RingBuffer.cpp.o)
                                                  C:/Users/Emanuele/Documents/sloeber-workspace/Blink_1/Release/arduino.ar(Uart.cpp.o)
RingBuffer::store_char(unsigned char)             C:/Users/Emanuele/Documents/sloeber-workspace/Blink_1/Release/arduino.ar(RingBuffer.cpp.o)
                                                  C:/Users/Emanuele/Documents/sloeber-workspace/Blink_1/Release/arduino.ar(Uart.cpp.o)